05-16 17:03:17.855  9953  9969 I TestRunner: started: testEdgeCase_queuedEventsLimit(com.example.analytics.AnalyticsIntegrationTest)
05-16 17:03:17.858   877  1109 D OemPaidWifiNetworkFactory: got request NetworkRequest [ REQUEST id=521, [ Capabilities: INTERNET&NOT_RESTRICTED&TRUSTED&NOT_VCN_MANAGED&NOT_BANDWIDTH_CONSTRAINED Uid: 10220 RequestorUid: 10220 RequestorPkg: com.example.analytics.test UnderlyingNetworks: Null] ]
05-16 17:03:17.858   877  1109 D MultiInternetWifiNetworkFactory: got request NetworkRequest [ REQUEST id=521, [ Capabilities: INTERNET&NOT_RESTRICTED&TRUSTED&NOT_VCN_MANAGED&NOT_BANDWIDTH_CONSTRAINED Uid: 10220 RequestorUid: 10220 RequestorPkg: com.example.analytics.test UnderlyingNetworks: Null] ]
05-16 17:03:17.858   877  1119 D ConnectivityService: NetReassign [521 : null → 101] [c 1] [a 1] [i 0]
05-16 17:03:17.859   877  1109 D WifiNetworkFactory: got request NetworkRequest [ REQUEST id=521, [ Capabilities: INTERNET&NOT_RESTRICTED&TRUSTED&NOT_VCN_MANAGED&NOT_BANDWIDTH_CONSTRAINED Uid: 10220 RequestorUid: 10220 RequestorPkg: com.example.analytics.test UnderlyingNetworks: Null] ]
05-16 17:03:17.859   877  1109 D UntrustedWifiNetworkFactory: got request NetworkRequest [ REQUEST id=521, [ Capabilities: INTERNET&NOT_RESTRICTED&TRUSTED&NOT_VCN_MANAGED&NOT_BANDWIDTH_CONSTRAINED Uid: 10220 RequestorUid: 10220 RequestorPkg: com.example.analytics.test UnderlyingNetworks: Null] ]
05-16 17:03:17.988  9953  9969 D AnalyticsSDK: AnalyticsSDK initialized with endpoint: https://api.dummy.com/events
05-16 17:03:18.065  9953  9969 W WM-WorkSpec: Interval duration lesser than minimum allowed value; Changed to 900000
05-16 17:03:18.082  9953  9969 D AnalyticsSDK: Event: spam_event_1
05-16 17:03:18.082  9953  9969 D AnalyticsSDK: Properties:
05-16 17:03:18.082  9953  9969 D AnalyticsSDK: {}
05-16 17:03:18.089  9953  9969 D AnalyticsSDK: Event: spam_event_2
05-16 17:03:18.089  9953  9969 D AnalyticsSDK: Properties:
05-16 17:03:18.089  9953  9969 D AnalyticsSDK: {}
05-16 17:03:18.093  9953  9969 D AnalyticsSDK: Event: spam_event_3
05-16 17:03:18.093  9953  9969 D AnalyticsSDK: Properties:
05-16 17:03:18.093  9953  9969 D AnalyticsSDK: {}
05-16 17:03:18.093  9953  9969 D AnalyticsSDK: Event: spam_event_4
05-16 17:03:18.093  9953  9969 D AnalyticsSDK: Properties:
05-16 17:03:18.093  9953  9969 D AnalyticsSDK: {}
05-16 17:03:18.095  9953  9969 D AnalyticsSDK: Event: spam_event_5
05-16 17:03:18.095  9953  9969 D AnalyticsSDK: Properties:
05-16 17:03:18.095  9953  9969 D AnalyticsSDK: {}
05-16 17:03:18.096  9953  9969 D AnalyticsSDK: Event: spam_event_6
05-16 17:03:18.096  9953  9969 D AnalyticsSDK: Properties:
05-16 17:03:18.096  9953  9969 D AnalyticsSDK: {}
05-16 17:03:18.098  9953  9969 D AnalyticsSDK: Event: spam_event_7
05-16 17:03:18.098  9953  9969 D AnalyticsSDK: Properties:
05-16 17:03:18.098  9953  9969 D AnalyticsSDK: {}
05-16 17:03:18.099  9953  9969 D AnalyticsSDK: Event: spam_event_8
05-16 17:03:18.099  9953  9969 D AnalyticsSDK: Properties:
05-16 17:03:18.099  9953  9969 D AnalyticsSDK: {}
05-16 17:03:18.103  9953  9969 D AnalyticsSDK: Event: spam_event_9
05-16 17:03:18.103  9953  9969 D AnalyticsSDK: Properties:
05-16 17:03:18.103  9953  9969 D AnalyticsSDK: {}
05-16 17:03:18.108  9953  9969 D AnalyticsSDK: Event: spam_event_10
05-16 17:03:18.108  9953  9969 D AnalyticsSDK: Properties:
05-16 17:03:18.108  9953  9969 D AnalyticsSDK: {}
05-16 17:03:18.108  9953  9969 D AnalyticsSDK: Event: spam_event_11
05-16 17:03:18.108  9953  9969 D AnalyticsSDK: Properties:
05-16 17:03:18.108  9953  9969 D AnalyticsSDK: {}
05-16 17:03:18.109  9953  9969 D AnalyticsSDK: Event: spam_event_12
05-16 17:03:18.109  9953  9969 D AnalyticsSDK: Properties:
05-16 17:03:18.109  9953  9969 D AnalyticsSDK: {}
05-16 17:03:18.113  9953  9969 D AnalyticsSDK: Event: spam_event_13
05-16 17:03:18.113  9953  9969 D AnalyticsSDK: Properties:
05-16 17:03:18.113  9953  9969 D AnalyticsSDK: {}
05-16 17:03:18.114  9953  9969 D AnalyticsSDK: Event: spam_event_14
05-16 17:03:18.114  9953  9969 D AnalyticsSDK: Properties:
05-16 17:03:18.114  9953  9969 D AnalyticsSDK: {}
05-16 17:03:18.121  9953  9969 D AnalyticsSDK: Event: spam_event_15
05-16 17:03:18.121  9953  9969 D AnalyticsSDK: Properties:
05-16 17:03:18.121  9953  9969 D AnalyticsSDK: {}
05-16 17:03:18.124  9953  9969 D AnalyticsSDK: Event: spam_event_16
05-16 17:03:18.124  9953  9969 D AnalyticsSDK: Properties:
05-16 17:03:18.124  9953  9969 D AnalyticsSDK: {}
05-16 17:03:18.125  9953  9969 D AnalyticsSDK: Event: spam_event_17
05-16 17:03:18.125  9953  9969 D AnalyticsSDK: Properties:
05-16 17:03:18.125  9953  9969 D AnalyticsSDK: {}
05-16 17:03:18.125  9953  9969 D AnalyticsSDK: Event: spam_event_18
05-16 17:03:18.125  9953  9969 D AnalyticsSDK: Properties:
05-16 17:03:18.125  9953  9969 D AnalyticsSDK: {}
05-16 17:03:18.127  9953  9969 D AnalyticsSDK: Event: spam_event_19
05-16 17:03:18.127  9953  9969 D AnalyticsSDK: Properties:
05-16 17:03:18.127  9953  9969 D AnalyticsSDK: {}
05-16 17:03:18.128  9953  9969 D AnalyticsSDK: Event: spam_event_20
05-16 17:03:18.128  9953  9969 D AnalyticsSDK: Properties:
05-16 17:03:18.128  9953  9969 D AnalyticsSDK: {}
05-16 17:03:18.131  9953  9969 D AnalyticsSDK: Event: spam_event_21
05-16 17:03:18.131  9953  9969 D AnalyticsSDK: Properties:
05-16 17:03:18.131  9953  9969 D AnalyticsSDK: {}
05-16 17:03:18.140  9953  9969 D AnalyticsSDK: Event: spam_event_22
05-16 17:03:18.140  9953  9969 D AnalyticsSDK: Properties:
05-16 17:03:18.140  9953  9969 D AnalyticsSDK: {}
05-16 17:03:18.140  9953  9969 D AnalyticsSDK: Event: spam_event_23
05-16 17:03:18.140  9953  9969 D AnalyticsSDK: Properties:
05-16 17:03:18.140  9953  9969 D AnalyticsSDK: {}
05-16 17:03:18.141  9953  9969 D AnalyticsSDK: Event: spam_event_24
05-16 17:03:18.141  9953  9969 D AnalyticsSDK: Properties:
05-16 17:03:18.141  9953  9969 D AnalyticsSDK: {}
05-16 17:03:18.144  9953  9969 D AnalyticsSDK: Event: spam_event_25
05-16 17:03:18.144  9953  9969 D AnalyticsSDK: Properties:
05-16 17:03:18.144  9953  9969 D AnalyticsSDK: {}
05-16 17:03:18.144  9953  9969 D AnalyticsSDK: Event: spam_event_26
05-16 17:03:18.144  9953  9969 D AnalyticsSDK: Properties:
05-16 17:03:18.144  9953  9969 D AnalyticsSDK: {}
05-16 17:03:18.145  9953  9969 D AnalyticsSDK: Event: spam_event_27
05-16 17:03:18.145  9953  9969 D AnalyticsSDK: Properties:
05-16 17:03:18.145  9953  9969 D AnalyticsSDK: {}
05-16 17:03:18.145  9953  9969 D AnalyticsSDK: Event: spam_event_28
05-16 17:03:18.145  9953  9969 D AnalyticsSDK: Properties:
05-16 17:03:18.145  9953  9969 D AnalyticsSDK: {}
05-16 17:03:18.145  9953  9969 D AnalyticsSDK: Event: spam_event_29
05-16 17:03:18.145  9953  9969 D AnalyticsSDK: Properties:
05-16 17:03:18.145  9953  9969 D AnalyticsSDK: {}
05-16 17:03:18.146  9953  9969 D AnalyticsSDK: Event: spam_event_30
05-16 17:03:18.146  9953  9969 D AnalyticsSDK: Properties:
05-16 17:03:18.146  9953  9969 D AnalyticsSDK: {}
05-16 17:03:18.146  9953  9969 D AnalyticsSDK: Event: spam_event_31
05-16 17:03:18.146  9953  9969 D AnalyticsSDK: Properties:
05-16 17:03:18.146  9953  9969 D AnalyticsSDK: {}
05-16 17:03:18.149  9953  9969 D AnalyticsSDK: Event: spam_event_32
05-16 17:03:18.149  9953  9969 D AnalyticsSDK: Properties:
05-16 17:03:18.149  9953  9969 D AnalyticsSDK: {}
05-16 17:03:18.150  9953  9969 D AnalyticsSDK: Event: spam_event_33
05-16 17:03:18.150  9953  9969 D AnalyticsSDK: Properties:
05-16 17:03:18.150  9953  9969 D AnalyticsSDK: {}
05-16 17:03:18.157  9953  9969 D AnalyticsSDK: Event: spam_event_34
05-16 17:03:18.157  9953  9969 D AnalyticsSDK: Properties:
05-16 17:03:18.157  9953  9969 D AnalyticsSDK: {}
05-16 17:03:18.157  9953  9969 D AnalyticsSDK: Event: spam_event_35
05-16 17:03:18.157  9953  9969 D AnalyticsSDK: Properties:
05-16 17:03:18.157  9953  9969 D AnalyticsSDK: {}
05-16 17:03:18.158  9953  9969 D AnalyticsSDK: Event: spam_event_36
05-16 17:03:18.158  9953  9969 D AnalyticsSDK: Properties:
05-16 17:03:18.158  9953  9969 D AnalyticsSDK: {}
05-16 17:03:18.159  9953  9969 D AnalyticsSDK: Event: spam_event_37
05-16 17:03:18.159  9953  9969 D AnalyticsSDK: Properties:
05-16 17:03:18.159  9953  9969 D AnalyticsSDK: {}
05-16 17:03:18.162  9953  9969 D AnalyticsSDK: Event: spam_event_38
05-16 17:03:18.162  9953  9969 D AnalyticsSDK: Properties:
05-16 17:03:18.162  9953  9969 D AnalyticsSDK: {}
05-16 17:03:18.165  9953  9969 D AnalyticsSDK: Event: spam_event_39
05-16 17:03:18.165  9953  9969 D AnalyticsSDK: Properties:
05-16 17:03:18.165  9953  9969 D AnalyticsSDK: {}
05-16 17:03:18.167  9953  9969 D AnalyticsSDK: Event: spam_event_40
05-16 17:03:18.167  9953  9969 D AnalyticsSDK: Properties:
05-16 17:03:18.167  9953  9969 D AnalyticsSDK: {}
05-16 17:03:18.169  9953  9969 D AnalyticsSDK: Event: spam_event_41
05-16 17:03:18.169  9953  9969 D AnalyticsSDK: Properties:
05-16 17:03:18.169  9953  9969 D AnalyticsSDK: {}
05-16 17:03:18.170  9953  9969 D AnalyticsSDK: Event: spam_event_42
05-16 17:03:18.170  9953  9969 D AnalyticsSDK: Properties:
05-16 17:03:18.170  9953  9969 D AnalyticsSDK: {}
05-16 17:03:18.170  9953  9969 D AnalyticsSDK: Event: spam_event_43
05-16 17:03:18.170  9953  9969 D AnalyticsSDK: Properties:
05-16 17:03:18.170  9953  9969 D AnalyticsSDK: {}
05-16 17:03:18.171  9953  9969 D AnalyticsSDK: Event: spam_event_44
05-16 17:03:18.171  9953  9969 D AnalyticsSDK: Properties:
05-16 17:03:18.171  9953  9969 D AnalyticsSDK: {}
05-16 17:03:18.171  9953  9969 D AnalyticsSDK: Event: spam_event_45
05-16 17:03:18.171  9953  9969 D AnalyticsSDK: Properties:
05-16 17:03:18.171  9953  9969 D AnalyticsSDK: {}
05-16 17:03:18.171  9953  9969 D AnalyticsSDK: Event: spam_event_46
05-16 17:03:18.171  9953  9969 D AnalyticsSDK: Properties:
05-16 17:03:18.171  9953  9969 D AnalyticsSDK: {}
05-16 17:03:18.172  9953  9969 D AnalyticsSDK: Event: spam_event_47
05-16 17:03:18.172  9953  9969 D AnalyticsSDK: Properties:
05-16 17:03:18.172  9953  9969 D AnalyticsSDK: {}
05-16 17:03:18.175  9953  9969 D AnalyticsSDK: Event: spam_event_48
05-16 17:03:18.175  9953  9969 D AnalyticsSDK: Properties:
05-16 17:03:18.175  9953  9969 D AnalyticsSDK: {}
05-16 17:03:18.177  9953  9969 D AnalyticsSDK: Event: spam_event_49
05-16 17:03:18.177  9953  9969 D AnalyticsSDK: Properties:
05-16 17:03:18.177  9953  9969 D AnalyticsSDK: {}
05-16 17:03:18.178  9953  9969 D AnalyticsSDK: Event: spam_event_50
05-16 17:03:18.178  9953  9969 D AnalyticsSDK: Properties:
05-16 17:03:18.178  9953  9969 D AnalyticsSDK: {}
05-16 17:03:18.178  9953  9969 D AnalyticsSDK: Event: spam_event_51
05-16 17:03:18.178  9953  9969 D AnalyticsSDK: Properties:
05-16 17:03:18.178  9953  9969 D AnalyticsSDK: {}
05-16 17:03:18.179  9953  9969 D AnalyticsSDK: Event: spam_event_52
05-16 17:03:18.179  9953  9969 D AnalyticsSDK: Properties:
05-16 17:03:18.179  9953  9969 D AnalyticsSDK: {}
05-16 17:03:18.181  9953  9969 D AnalyticsSDK: Event: spam_event_53
05-16 17:03:18.181  9953  9969 D AnalyticsSDK: Properties:
05-16 17:03:18.181  9953  9969 D AnalyticsSDK: {}
05-16 17:03:18.183  9953  9969 D AnalyticsSDK: Event: spam_event_54
05-16 17:03:18.183  9953  9969 D AnalyticsSDK: Properties:
05-16 17:03:18.183  9953  9969 D AnalyticsSDK: {}
05-16 17:03:18.186  9953  9969 D AnalyticsSDK: Event: spam_event_55
05-16 17:03:18.186  9953  9969 D AnalyticsSDK: Properties:
05-16 17:03:18.186  9953  9969 D AnalyticsSDK: {}
05-16 17:03:18.186  9953  9969 D AnalyticsSDK: Event: spam_event_56
05-16 17:03:18.186  9953  9969 D AnalyticsSDK: Properties:
05-16 17:03:18.186  9953  9969 D AnalyticsSDK: {}
05-16 17:03:18.186  9953  9969 D AnalyticsSDK: Event: spam_event_57
05-16 17:03:18.186  9953  9969 D AnalyticsSDK: Properties:
05-16 17:03:18.186  9953  9969 D AnalyticsSDK: {}
05-16 17:03:18.187  9953  9969 D AnalyticsSDK: Event: spam_event_58
05-16 17:03:18.187  9953  9969 D AnalyticsSDK: Properties:
05-16 17:03:18.187  9953  9969 D AnalyticsSDK: {}
05-16 17:03:18.187  9953  9969 D AnalyticsSDK: Event: spam_event_59
05-16 17:03:18.187  9953  9969 D AnalyticsSDK: Properties:
05-16 17:03:18.187  9953  9969 D AnalyticsSDK: {}
05-16 17:03:18.187  9953  9969 D AnalyticsSDK: Event: spam_event_60
05-16 17:03:18.187  9953  9969 D AnalyticsSDK: Properties:
05-16 17:03:18.187  9953  9969 D AnalyticsSDK: {}
05-16 17:03:18.187  9953  9969 D AnalyticsSDK: Event: spam_event_61
05-16 17:03:18.187  9953  9969 D AnalyticsSDK: Properties:
05-16 17:03:18.187  9953  9969 D AnalyticsSDK: {}
05-16 17:03:18.188  9953  9969 D AnalyticsSDK: Event: spam_event_62
05-16 17:03:18.188  9953  9969 D AnalyticsSDK: Properties:
05-16 17:03:18.188  9953  9969 D AnalyticsSDK: {}
05-16 17:03:18.188  9953  9969 D AnalyticsSDK: Event: spam_event_63
05-16 17:03:18.188  9953  9969 D AnalyticsSDK: Properties:
05-16 17:03:18.188  9953  9969 D AnalyticsSDK: {}
05-16 17:03:18.190  9953  9969 D AnalyticsSDK: Event: spam_event_64
05-16 17:03:18.190  9953  9969 D AnalyticsSDK: Properties:
05-16 17:03:18.190  9953  9969 D AnalyticsSDK: {}
05-16 17:03:18.191  9953  9969 D AnalyticsSDK: Event: spam_event_65
05-16 17:03:18.191  9953  9969 D AnalyticsSDK: Properties:
05-16 17:03:18.191  9953  9969 D AnalyticsSDK: {}
05-16 17:03:18.192  9953  9969 D AnalyticsSDK: Event: spam_event_66
05-16 17:03:18.192  9953  9969 D AnalyticsSDK: Properties:
05-16 17:03:18.192  9953  9969 D AnalyticsSDK: {}
05-16 17:03:18.193  9953  9969 D AnalyticsSDK: Event: spam_event_67
05-16 17:03:18.193  9953  9969 D AnalyticsSDK: Properties:
05-16 17:03:18.193  9953  9969 D AnalyticsSDK: {}
05-16 17:03:18.197  9953  9969 D AnalyticsSDK: Event: spam_event_68
05-16 17:03:18.197  9953  9969 D AnalyticsSDK: Properties:
05-16 17:03:18.197  9953  9969 D AnalyticsSDK: {}
05-16 17:03:18.197  9953  9969 D AnalyticsSDK: Event: spam_event_69
05-16 17:03:18.197  9953  9969 D AnalyticsSDK: Properties:
05-16 17:03:18.197  9953  9969 D AnalyticsSDK: {}
05-16 17:03:18.198  9953  9969 D AnalyticsSDK: Event: spam_event_70
05-16 17:03:18.198  9953  9969 D AnalyticsSDK: Properties:
05-16 17:03:18.198  9953  9969 D AnalyticsSDK: {}
05-16 17:03:18.199  9953  9969 D AnalyticsSDK: Event: spam_event_71
05-16 17:03:18.199  9953  9969 D AnalyticsSDK: Properties:
05-16 17:03:18.199  9953  9969 D AnalyticsSDK: {}
05-16 17:03:18.200  9953  9969 D AnalyticsSDK: Event: spam_event_72
05-16 17:03:18.200  9953  9969 D AnalyticsSDK: Properties:
05-16 17:03:18.200  9953  9969 D AnalyticsSDK: {}
05-16 17:03:18.200  9953  9969 D AnalyticsSDK: Event: spam_event_73
05-16 17:03:18.200  9953  9969 D AnalyticsSDK: Properties:
05-16 17:03:18.200  9953  9969 D AnalyticsSDK: {}
05-16 17:03:18.201  9953  9969 D AnalyticsSDK: Event: spam_event_74
05-16 17:03:18.201  9953  9969 D AnalyticsSDK: Properties:
05-16 17:03:18.201  9953  9969 D AnalyticsSDK: {}
05-16 17:03:18.202  9953  9969 D AnalyticsSDK: Event: spam_event_75
05-16 17:03:18.202  9953  9969 D AnalyticsSDK: Properties:
05-16 17:03:18.202  9953  9969 D AnalyticsSDK: {}
05-16 17:03:18.202  9953  9969 D AnalyticsSDK: Event: spam_event_76
05-16 17:03:18.202  9953  9969 D AnalyticsSDK: Properties:
05-16 17:03:18.202  9953  9969 D AnalyticsSDK: {}
05-16 17:03:18.203  9953  9969 D AnalyticsSDK: Event: spam_event_77
05-16 17:03:18.203  9953  9969 D AnalyticsSDK: Properties:
05-16 17:03:18.203  9953  9969 D AnalyticsSDK: {}
05-16 17:03:18.206  9953  9969 D AnalyticsSDK: Event: spam_event_78
05-16 17:03:18.206  9953  9969 D AnalyticsSDK: Properties:
05-16 17:03:18.206  9953  9969 D AnalyticsSDK: {}
05-16 17:03:18.207  9953  9969 D AnalyticsSDK: Event: spam_event_79
05-16 17:03:18.207  9953  9969 D AnalyticsSDK: Properties:
05-16 17:03:18.207  9953  9969 D AnalyticsSDK: {}
05-16 17:03:18.209  9953  9969 D AnalyticsSDK: Event: spam_event_80
05-16 17:03:18.209  9953  9969 D AnalyticsSDK: Properties:
05-16 17:03:18.209  9953  9969 D AnalyticsSDK: {}
05-16 17:03:18.209  9953  9969 D AnalyticsSDK: Event: spam_event_81
05-16 17:03:18.209  9953  9969 D AnalyticsSDK: Properties:
05-16 17:03:18.209  9953  9969 D AnalyticsSDK: {}
05-16 17:03:18.209  9953  9969 D AnalyticsSDK: Event: spam_event_82
05-16 17:03:18.209  9953  9969 D AnalyticsSDK: Properties:
05-16 17:03:18.209  9953  9969 D AnalyticsSDK: {}
05-16 17:03:18.210  9953  9969 D AnalyticsSDK: Event: spam_event_83
05-16 17:03:18.210  9953  9969 D AnalyticsSDK: Properties:
05-16 17:03:18.210  9953  9969 D AnalyticsSDK: {}
05-16 17:03:18.211  9953  9969 D AnalyticsSDK: Event: spam_event_84
05-16 17:03:18.211  9953  9969 D AnalyticsSDK: Properties:
05-16 17:03:18.211  9953  9969 D AnalyticsSDK: {}
05-16 17:03:18.212  9953  9969 D AnalyticsSDK: Event: spam_event_85
05-16 17:03:18.212  9953  9969 D AnalyticsSDK: Properties:
05-16 17:03:18.212  9953  9969 D AnalyticsSDK: {}
05-16 17:03:18.213  9953  9969 D AnalyticsSDK: Event: spam_event_86
05-16 17:03:18.213  9953  9969 D AnalyticsSDK: Properties:
05-16 17:03:18.213  9953  9969 D AnalyticsSDK: {}
05-16 17:03:18.215  9953  9969 D AnalyticsSDK: Event: spam_event_87
05-16 17:03:18.215  9953  9969 D AnalyticsSDK: Properties:
05-16 17:03:18.215  9953  9969 D AnalyticsSDK: {}
05-16 17:03:18.218  9953  9969 D AnalyticsSDK: Event: spam_event_88
05-16 17:03:18.218  9953  9969 D AnalyticsSDK: Properties:
05-16 17:03:18.218  9953  9969 D AnalyticsSDK: {}
05-16 17:03:18.219  9953  9969 D AnalyticsSDK: Event: spam_event_89
05-16 17:03:18.219  9953  9969 D AnalyticsSDK: Properties:
05-16 17:03:18.219  9953  9969 D AnalyticsSDK: {}
05-16 17:03:18.220  9953  9969 D AnalyticsSDK: Event: spam_event_90
05-16 17:03:18.220  9953  9969 D AnalyticsSDK: Properties:
05-16 17:03:18.220  9953  9969 D AnalyticsSDK: {}
05-16 17:03:18.221  9953  9969 D AnalyticsSDK: Event: spam_event_91
05-16 17:03:18.221  9953  9969 D AnalyticsSDK: Properties:
05-16 17:03:18.221  9953  9969 D AnalyticsSDK: {}
05-16 17:03:18.223  9953  9994 D AnalyticsSDK: Saved event to database: spam_event_3
05-16 17:03:18.225  9953  9969 D AnalyticsSDK: Event: spam_event_92
05-16 17:03:18.225  9953  9969 D AnalyticsSDK: Properties:
05-16 17:03:18.225  9953  9969 D AnalyticsSDK: {}
05-16 17:03:18.226  9953  9969 D AnalyticsSDK: Event: spam_event_93
05-16 17:03:18.226  9953  9969 D AnalyticsSDK: Properties:
05-16 17:03:18.226  9953  9969 D AnalyticsSDK: {}
05-16 17:03:18.234  9953  9969 D AnalyticsSDK: Event: spam_event_94
05-16 17:03:18.234  9953  9969 D AnalyticsSDK: Properties:
05-16 17:03:18.234  9953  9969 D AnalyticsSDK: {}
05-16 17:03:18.235  9953  9969 D AnalyticsSDK: Event: spam_event_95
05-16 17:03:18.235  9953  9969 D AnalyticsSDK: Properties:
05-16 17:03:18.235  9953  9969 D AnalyticsSDK: {}
05-16 17:03:18.236  9953  9969 D AnalyticsSDK: Event: spam_event_96
05-16 17:03:18.236  9953  9969 D AnalyticsSDK: Properties:
05-16 17:03:18.236  9953  9969 D AnalyticsSDK: {}
05-16 17:03:18.237  9953  9997 D AnalyticsSDK: Saved event to database: spam_event_1
05-16 17:03:18.238  9953  9969 D AnalyticsSDK: Event: spam_event_97
05-16 17:03:18.238  9953  9969 D AnalyticsSDK: Properties:
05-16 17:03:18.238  9953  9969 D AnalyticsSDK: {}
05-16 17:03:18.240  9953  9969 D AnalyticsSDK: Event: spam_event_98
05-16 17:03:18.240  9953  9969 D AnalyticsSDK: Properties:
05-16 17:03:18.240  9953  9969 D AnalyticsSDK: {}
05-16 17:03:18.245  9953  9969 D AnalyticsSDK: Event: spam_event_99
05-16 17:03:18.245  9953  9969 D AnalyticsSDK: Properties:
05-16 17:03:18.245  9953  9969 D AnalyticsSDK: {}
05-16 17:03:18.245  9953  9969 D AnalyticsSDK: Event: spam_event_100
05-16 17:03:18.245  9953  9969 D AnalyticsSDK: Properties:
05-16 17:03:18.245  9953  9969 D AnalyticsSDK: {}
05-16 17:03:18.246  9953  9969 D AnalyticsSDK: Event: spam_event_101
05-16 17:03:18.246  9953  9969 D AnalyticsSDK: Properties:
05-16 17:03:18.246  9953  9969 D AnalyticsSDK: {}
05-16 17:03:18.247  9953  9969 D AnalyticsSDK: Event: spam_event_102
05-16 17:03:18.247  9953  9969 D AnalyticsSDK: Properties:
05-16 17:03:18.247  9953  9969 D AnalyticsSDK: {}
05-16 17:03:18.249  9953  9969 D AnalyticsSDK: Event: spam_event_103
05-16 17:03:18.249  9953  9969 D AnalyticsSDK: Properties:
05-16 17:03:18.249  9953  9969 D AnalyticsSDK: {}
05-16 17:03:18.251  9953  9969 D AnalyticsSDK: Event: spam_event_104
05-16 17:03:18.251  9953  9969 D AnalyticsSDK: Properties:
05-16 17:03:18.251  9953  9969 D AnalyticsSDK: {}
05-16 17:03:18.251  9953  9969 D AnalyticsSDK: Event: spam_event_105
05-16 17:03:18.251  9953  9969 D AnalyticsSDK: Properties:
05-16 17:03:18.251  9953  9969 D AnalyticsSDK: {}
05-16 17:03:18.254  9953  9969 D AnalyticsSDK: Event: spam_event_106
05-16 17:03:18.254  9953  9969 D AnalyticsSDK: Properties:
05-16 17:03:18.254  9953  9969 D AnalyticsSDK: {}
05-16 17:03:18.256  9953  9969 D AnalyticsSDK: Event: spam_event_107
05-16 17:03:18.256  9953  9969 D AnalyticsSDK: Properties:
05-16 17:03:18.256  9953  9969 D AnalyticsSDK: {}
05-16 17:03:18.257  9953  9989 D AnalyticsSDK: Saved event to database: spam_event_5
05-16 17:03:18.257  9953  9969 D AnalyticsSDK: Event: spam_event_108
05-16 17:03:18.257  9953  9969 D AnalyticsSDK: Properties:
05-16 17:03:18.257  9953  9969 D AnalyticsSDK: {}
05-16 17:03:18.260  9953  9969 D AnalyticsSDK: Event: spam_event_109
05-16 17:03:18.260  9953  9969 D AnalyticsSDK: Properties:
05-16 17:03:18.260  9953  9969 D AnalyticsSDK: {}
05-16 17:03:18.260  9953  9969 D AnalyticsSDK: Event: spam_event_110
05-16 17:03:18.260  9953  9969 D AnalyticsSDK: Properties:
05-16 17:03:18.260  9953  9969 D AnalyticsSDK: {}
05-16 17:03:18.261  9953  9969 D AnalyticsSDK: Event: spam_event_111
05-16 17:03:18.261  9953  9969 D AnalyticsSDK: Properties:
05-16 17:03:18.261  9953  9969 D AnalyticsSDK: {}
05-16 17:03:18.262  9953  9969 D AnalyticsSDK: Event: spam_event_112
05-16 17:03:18.262  9953  9969 D AnalyticsSDK: Properties:
05-16 17:03:18.262  9953  9969 D AnalyticsSDK: {}
05-16 17:03:18.262  9953  9969 D AnalyticsSDK: Event: spam_event_113
05-16 17:03:18.262  9953  9969 D AnalyticsSDK: Properties:
05-16 17:03:18.262  9953  9969 D AnalyticsSDK: {}
05-16 17:03:18.263  9953  9969 D AnalyticsSDK: Event: spam_event_114
05-16 17:03:18.263  9953  9969 D AnalyticsSDK: Properties:
05-16 17:03:18.263  9953  9969 D AnalyticsSDK: {}
05-16 17:03:18.264  9953  9969 D AnalyticsSDK: Event: spam_event_115
05-16 17:03:18.264  9953  9969 D AnalyticsSDK: Properties:
05-16 17:03:18.264  9953  9969 D AnalyticsSDK: {}
05-16 17:03:18.264  9953  9969 D AnalyticsSDK: Event: spam_event_116
05-16 17:03:18.264  9953  9969 D AnalyticsSDK: Properties:
05-16 17:03:18.264  9953  9969 D AnalyticsSDK: {}
05-16 17:03:18.264  9953  9969 D AnalyticsSDK: Event: spam_event_117
05-16 17:03:18.264  9953  9969 D AnalyticsSDK: Properties:
05-16 17:03:18.264  9953  9969 D AnalyticsSDK: {}
05-16 17:03:18.264  9953  9969 D AnalyticsSDK: Event: spam_event_118
05-16 17:03:18.264  9953  9969 D AnalyticsSDK: Properties:
05-16 17:03:18.264  9953  9969 D AnalyticsSDK: {}
05-16 17:03:18.266  9953  9969 D AnalyticsSDK: Event: spam_event_119
05-16 17:03:18.266  9953  9969 D AnalyticsSDK: Properties:
05-16 17:03:18.266  9953  9969 D AnalyticsSDK: {}
05-16 17:03:18.266  9953  9969 D AnalyticsSDK: Event: spam_event_120
05-16 17:03:18.266  9953  9969 D AnalyticsSDK: Properties:
05-16 17:03:18.266  9953  9969 D AnalyticsSDK: {}
05-16 17:03:18.267  9953  9969 D AnalyticsSDK: Event: spam_event_121
05-16 17:03:18.267  9953  9969 D AnalyticsSDK: Properties:
05-16 17:03:18.267  9953  9969 D AnalyticsSDK: {}
05-16 17:03:18.268  9953  9969 D AnalyticsSDK: Event: spam_event_122
05-16 17:03:18.268  9953  9969 D AnalyticsSDK: Properties:
05-16 17:03:18.268  9953  9969 D AnalyticsSDK: {}
05-16 17:03:18.271  9953  9969 D AnalyticsSDK: Event: spam_event_123
05-16 17:03:18.271  9953  9969 D AnalyticsSDK: Properties:
05-16 17:03:18.271  9953  9969 D AnalyticsSDK: {}
05-16 17:03:18.271  9953  9969 D AnalyticsSDK: Event: spam_event_124
05-16 17:03:18.271  9953  9969 D AnalyticsSDK: Properties:
05-16 17:03:18.271  9953  9969 D AnalyticsSDK: {}
05-16 17:03:18.271  9953  9969 D AnalyticsSDK: Event: spam_event_125
05-16 17:03:18.271  9953  9969 D AnalyticsSDK: Properties:
05-16 17:03:18.271  9953  9969 D AnalyticsSDK: {}
05-16 17:03:18.275  9953  9969 D AnalyticsSDK: Event: spam_event_126
05-16 17:03:18.275  9953  9969 D AnalyticsSDK: Properties:
05-16 17:03:18.275  9953  9969 D AnalyticsSDK: {}
05-16 17:03:18.276  9953  9969 D AnalyticsSDK: Event: spam_event_127
05-16 17:03:18.276  9953  9969 D AnalyticsSDK: Properties:
05-16 17:03:18.276  9953  9969 D AnalyticsSDK: {}
05-16 17:03:18.277  9953  9969 D AnalyticsSDK: Event: spam_event_128
05-16 17:03:18.277  9953  9969 D AnalyticsSDK: Properties:
05-16 17:03:18.277  9953  9969 D AnalyticsSDK: {}
05-16 17:03:18.277  9953  9969 D AnalyticsSDK: Event: spam_event_129
05-16 17:03:18.277  9953  9969 D AnalyticsSDK: Properties:
05-16 17:03:18.277  9953  9969 D AnalyticsSDK: {}
05-16 17:03:18.278  9953  9969 D AnalyticsSDK: Event: spam_event_130
05-16 17:03:18.278  9953  9969 D AnalyticsSDK: Properties:
05-16 17:03:18.278  9953  9969 D AnalyticsSDK: {}
05-16 17:03:18.279  9953  9969 D AnalyticsSDK: Event: spam_event_131
05-16 17:03:18.279  9953  9969 D AnalyticsSDK: Properties:
05-16 17:03:18.279  9953  9969 D AnalyticsSDK: {}
05-16 17:03:18.283  9953  9986 D AnalyticsSDK: Saved event to database: spam_event_7
05-16 17:03:18.284  9953  9969 D AnalyticsSDK: Event: spam_event_132
05-16 17:03:18.284  9953  9969 D AnalyticsSDK: Properties:
05-16 17:03:18.284  9953  9969 D AnalyticsSDK: {}
05-16 17:03:18.285  9953  9969 D AnalyticsSDK: Event: spam_event_133
05-16 17:03:18.285  9953  9969 D AnalyticsSDK: Properties:
05-16 17:03:18.285  9953  9969 D AnalyticsSDK: {}
05-16 17:03:18.285  9953  9969 D AnalyticsSDK: Event: spam_event_134
05-16 17:03:18.285  9953  9969 D AnalyticsSDK: Properties:
05-16 17:03:18.285  9953  9969 D AnalyticsSDK: {}
05-16 17:03:18.287  9953  9969 D AnalyticsSDK: Event: spam_event_135
05-16 17:03:18.287  9953  9969 D AnalyticsSDK: Properties:
05-16 17:03:18.287  9953  9969 D AnalyticsSDK: {}
05-16 17:03:18.290  9953  9969 D AnalyticsSDK: Event: spam_event_136
05-16 17:03:18.290  9953  9969 D AnalyticsSDK: Properties:
05-16 17:03:18.290  9953  9969 D AnalyticsSDK: {}
05-16 17:03:18.291  9953  9969 D AnalyticsSDK: Event: spam_event_137
05-16 17:03:18.291  9953  9969 D AnalyticsSDK: Properties:
05-16 17:03:18.291  9953  9969 D AnalyticsSDK: {}
05-16 17:03:18.291  9953  9969 D AnalyticsSDK: Event: spam_event_138
05-16 17:03:18.291  9953  9969 D AnalyticsSDK: Properties:
05-16 17:03:18.291  9953  9969 D AnalyticsSDK: {}
05-16 17:03:18.293  9953  9969 D AnalyticsSDK: Event: spam_event_139
05-16 17:03:18.293  9953  9969 D AnalyticsSDK: Properties:
05-16 17:03:18.293  9953  9969 D AnalyticsSDK: {}
05-16 17:03:18.294  9953  9969 D AnalyticsSDK: Event: spam_event_140
05-16 17:03:18.294  9953  9969 D AnalyticsSDK: Properties:
05-16 17:03:18.294  9953  9969 D AnalyticsSDK: {}
05-16 17:03:18.294  9953  9969 D AnalyticsSDK: Event: spam_event_141
05-16 17:03:18.294  9953  9969 D AnalyticsSDK: Properties:
05-16 17:03:18.294  9953  9969 D AnalyticsSDK: {}
05-16 17:03:18.295  9953  9969 D AnalyticsSDK: Event: spam_event_142
05-16 17:03:18.295  9953  9969 D AnalyticsSDK: Properties:
05-16 17:03:18.295  9953  9969 D AnalyticsSDK: {}
05-16 17:03:18.297  9953  9969 D AnalyticsSDK: Event: spam_event_143
05-16 17:03:18.297  9953  9969 D AnalyticsSDK: Properties:
05-16 17:03:18.297  9953  9969 D AnalyticsSDK: {}
05-16 17:03:18.297  9953  9969 D AnalyticsSDK: Event: spam_event_144
05-16 17:03:18.297  9953  9969 D AnalyticsSDK: Properties:
05-16 17:03:18.297  9953  9969 D AnalyticsSDK: {}
05-16 17:03:18.303  9953  9975 I .analytics.test: hiddenapi: Accessing hidden method Ljava/lang/invoke/MethodHandles$Lookup;-><init>(Ljava/lang/Class;I)V (runtime_flags=0, domain=core-platform, api=unsupported) from Lretrofit2/Platform; (domain=app) using reflection: allowed
05-16 17:03:18.303  9953  9969 D AnalyticsSDK: Event: spam_event_145
05-16 17:03:18.303  9953  9969 D AnalyticsSDK: Properties:
05-16 17:03:18.303  9953  9969 D AnalyticsSDK: {}
05-16 17:03:18.304  9953  9969 D AnalyticsSDK: Event: spam_event_146
05-16 17:03:18.304  9953  9969 D AnalyticsSDK: Properties:
05-16 17:03:18.304  9953  9969 D AnalyticsSDK: {}
05-16 17:03:18.304  9953  9969 D AnalyticsSDK: Event: spam_event_147
05-16 17:03:18.304  9953  9969 D AnalyticsSDK: Properties:
05-16 17:03:18.304  9953  9969 D AnalyticsSDK: {}
05-16 17:03:18.307  9953  9969 D AnalyticsSDK: Event: spam_event_148
05-16 17:03:18.307  9953  9969 D AnalyticsSDK: Properties:
05-16 17:03:18.307  9953  9969 D AnalyticsSDK: {}
05-16 17:03:18.308  9953  9983 D AnalyticsSDK: Saved event to database: spam_event_2
05-16 17:03:18.308  9953  9969 D AnalyticsSDK: Event: spam_event_149
05-16 17:03:18.308  9953  9969 D AnalyticsSDK: Properties:
05-16 17:03:18.308  9953  9969 D AnalyticsSDK: {}
05-16 17:03:18.310  5734  5793 D SatelliteController: iisInCarrierRoamingNbIotNtn: satellite is disabled
05-16 17:03:18.310  9953  9969 D AnalyticsSDK: Event: spam_event_150
05-16 17:03:18.310  9953  9969 D AnalyticsSDK: Properties:
05-16 17:03:18.310  9953  9969 D AnalyticsSDK: {}
05-16 17:03:18.311  9953  9969 D AnalyticsSDK: Event: spam_event_151
05-16 17:03:18.311  9953  9969 D AnalyticsSDK: Properties:
05-16 17:03:18.311  9953  9969 D AnalyticsSDK: {}
05-16 17:03:18.311  9953  9969 D AnalyticsSDK: Event: spam_event_152
05-16 17:03:18.311  9953  9969 D AnalyticsSDK: Properties:
05-16 17:03:18.311  9953  9969 D AnalyticsSDK: {}
05-16 17:03:18.313  9953  9969 D AnalyticsSDK: Event: spam_event_153
05-16 17:03:18.313  9953  9969 D AnalyticsSDK: Properties:
05-16 17:03:18.313  9953  9969 D AnalyticsSDK: {}
05-16 17:03:18.314  9953  9969 D AnalyticsSDK: Event: spam_event_154
05-16 17:03:18.314  9953  9969 D AnalyticsSDK: Properties:
05-16 17:03:18.314  9953  9969 D AnalyticsSDK: {}
05-16 17:03:18.314  9953  9969 D AnalyticsSDK: Event: spam_event_155
05-16 17:03:18.314  9953  9969 D AnalyticsSDK: Properties:
05-16 17:03:18.314  9953  9969 D AnalyticsSDK: {}
05-16 17:03:18.316   877  1386 W libbinder.IPCThreadState: Sending oneway calls to frozen process.
05-16 17:03:18.316  9953  9969 D AnalyticsSDK: Event: spam_event_156
05-16 17:03:18.316  9953  9969 D AnalyticsSDK: Properties:
05-16 17:03:18.316  9953  9969 D AnalyticsSDK: {}
05-16 17:03:18.317  5734  5793 D SatelliteController: getCarrierRoamingNtnConnectType: Falling back to global carrier config connect type: 0
05-16 17:03:18.321  9953 10001 D AnalyticsSDK: Saved event to database: spam_event_10
05-16 17:03:18.321  9953  9969 D AnalyticsSDK: Event: spam_event_157
05-16 17:03:18.321  9953  9969 D AnalyticsSDK: Properties:
05-16 17:03:18.321  9953  9969 D AnalyticsSDK: {}
05-16 17:03:18.322  9953  9969 D AnalyticsSDK: Event: spam_event_158
05-16 17:03:18.322  9953  9969 D AnalyticsSDK: Properties:
05-16 17:03:18.322  9953  9969 D AnalyticsSDK: {}
05-16 17:03:18.325  9953  9969 D AnalyticsSDK: Event: spam_event_159
05-16 17:03:18.325  9953  9969 D AnalyticsSDK: Properties:
05-16 17:03:18.325  9953  9969 D AnalyticsSDK: {}
05-16 17:03:18.326  9953  9969 D AnalyticsSDK: Event: spam_event_160
05-16 17:03:18.326  9953  9969 D AnalyticsSDK: Properties:
05-16 17:03:18.326  9953  9969 D AnalyticsSDK: {}
05-16 17:03:18.327  9953  9969 D AnalyticsSDK: Event: spam_event_161
05-16 17:03:18.327  9953  9969 D AnalyticsSDK: Properties:
05-16 17:03:18.327  9953  9969 D AnalyticsSDK: {}
05-16 17:03:18.327  9953  9969 D AnalyticsSDK: Event: spam_event_162
05-16 17:03:18.327  9953  9969 D AnalyticsSDK: Properties:
05-16 17:03:18.327  9953  9969 D AnalyticsSDK: {}
05-16 17:03:18.329  9953  9969 D AnalyticsSDK: Event: spam_event_163
05-16 17:03:18.329  9953  9969 D AnalyticsSDK: Properties:
05-16 17:03:18.329  9953  9969 D AnalyticsSDK: {}
05-16 17:03:18.330  9953  9969 D AnalyticsSDK: Event: spam_event_164
05-16 17:03:18.330  9953  9969 D AnalyticsSDK: Properties:
05-16 17:03:18.330  9953  9969 D AnalyticsSDK: {}
05-16 17:03:18.334  9953  9969 D AnalyticsSDK: Event: spam_event_165
05-16 17:03:18.334  9953  9969 D AnalyticsSDK: Properties:
05-16 17:03:18.334  9953  9969 D AnalyticsSDK: {}
05-16 17:03:18.334  9953  9969 D AnalyticsSDK: Event: spam_event_166
05-16 17:03:18.334  9953  9969 D AnalyticsSDK: Properties:
05-16 17:03:18.334  9953  9969 D AnalyticsSDK: {}
05-16 17:03:18.335  9953  9969 D AnalyticsSDK: Event: spam_event_167
05-16 17:03:18.335  9953  9969 D AnalyticsSDK: Properties:
05-16 17:03:18.335  9953  9969 D AnalyticsSDK: {}
05-16 17:03:18.335  9953  9969 D AnalyticsSDK: Event: spam_event_168
05-16 17:03:18.335  9953  9969 D AnalyticsSDK: Properties:
05-16 17:03:18.335  9953  9969 D AnalyticsSDK: {}
05-16 17:03:18.335  9953  9969 D AnalyticsSDK: Event: spam_event_169
05-16 17:03:18.335  9953  9969 D AnalyticsSDK: Properties:
05-16 17:03:18.335  9953  9969 D AnalyticsSDK: {}
05-16 17:03:18.337  9953  9969 D AnalyticsSDK: Event: spam_event_170
05-16 17:03:18.337  9953  9969 D AnalyticsSDK: Properties:
05-16 17:03:18.337  9953  9969 D AnalyticsSDK: {}
05-16 17:03:18.339  9953  9969 D AnalyticsSDK: Event: spam_event_171
05-16 17:03:18.339  9953  9969 D AnalyticsSDK: Properties:
05-16 17:03:18.339  9953  9969 D AnalyticsSDK: {}
05-16 17:03:18.341  9953  9969 D AnalyticsSDK: Event: spam_event_172
05-16 17:03:18.341  9953  9969 D AnalyticsSDK: Properties:
05-16 17:03:18.341  9953  9969 D AnalyticsSDK: {}
05-16 17:03:18.342  9953  9969 D AnalyticsSDK: Event: spam_event_173
05-16 17:03:18.342  9953  9969 D AnalyticsSDK: Properties:
05-16 17:03:18.342  9953  9969 D AnalyticsSDK: {}
05-16 17:03:18.343  9953  9969 D AnalyticsSDK: Event: spam_event_174
05-16 17:03:18.343  9953  9969 D AnalyticsSDK: Properties:
05-16 17:03:18.343  9953  9969 D AnalyticsSDK: {}
05-16 17:03:18.344  9953  9969 D AnalyticsSDK: Event: spam_event_175
05-16 17:03:18.344  9953  9969 D AnalyticsSDK: Properties:
05-16 17:03:18.344  9953  9969 D AnalyticsSDK: {}
05-16 17:03:18.346  9953  9969 D AnalyticsSDK: Event: spam_event_176
05-16 17:03:18.346  9953  9969 D AnalyticsSDK: Properties:
05-16 17:03:18.346  9953  9969 D AnalyticsSDK: {}
05-16 17:03:18.346  9953  9984 D AnalyticsSDK: Saved event to database: spam_event_9
05-16 17:03:18.350  9953  9969 D AnalyticsSDK: Event: spam_event_177
05-16 17:03:18.350  9953  9969 D AnalyticsSDK: Properties:
05-16 17:03:18.350  9953  9969 D AnalyticsSDK: {}
05-16 17:03:18.351  9953  9969 D AnalyticsSDK: Event: spam_event_178
05-16 17:03:18.351  9953  9969 D AnalyticsSDK: Properties:
05-16 17:03:18.351  9953  9969 D AnalyticsSDK: {}
05-16 17:03:18.353  9953  9969 D AnalyticsSDK: Event: spam_event_179
05-16 17:03:18.353  9953  9969 D AnalyticsSDK: Properties:
05-16 17:03:18.353  9953  9969 D AnalyticsSDK: {}
05-16 17:03:18.354  9953  9969 D AnalyticsSDK: Event: spam_event_180
05-16 17:03:18.354  9953  9969 D AnalyticsSDK: Properties:
05-16 17:03:18.354  9953  9969 D AnalyticsSDK: {}
05-16 17:03:18.355  9953  9969 D AnalyticsSDK: Event: spam_event_181
05-16 17:03:18.355  9953  9969 D AnalyticsSDK: Properties:
05-16 17:03:18.355  9953  9969 D AnalyticsSDK: {}
05-16 17:03:18.355  9953  9969 D AnalyticsSDK: Event: spam_event_182
05-16 17:03:18.355  9953  9969 D AnalyticsSDK: Properties:
05-16 17:03:18.355  9953  9969 D AnalyticsSDK: {}
05-16 17:03:18.357  9953  9969 D AnalyticsSDK: Event: spam_event_183
05-16 17:03:18.357  9953  9969 D AnalyticsSDK: Properties:
05-16 17:03:18.357  9953  9969 D AnalyticsSDK: {}
05-16 17:03:18.358  9953  9969 D AnalyticsSDK: Event: spam_event_184
05-16 17:03:18.358  9953  9969 D AnalyticsSDK: Properties:
05-16 17:03:18.358  9953  9969 D AnalyticsSDK: {}
05-16 17:03:18.359  9953  9969 D AnalyticsSDK: Event: spam_event_185
05-16 17:03:18.359  9953  9969 D AnalyticsSDK: Properties:
05-16 17:03:18.359  9953  9969 D AnalyticsSDK: {}
05-16 17:03:18.363  9953  9969 D AnalyticsSDK: Event: spam_event_186
05-16 17:03:18.363  9953  9969 D AnalyticsSDK: Properties:
05-16 17:03:18.363  9953  9969 D AnalyticsSDK: {}
05-16 17:03:18.365  9953  9969 D AnalyticsSDK: Event: spam_event_187
05-16 17:03:18.365  9953  9969 D AnalyticsSDK: Properties:
05-16 17:03:18.365  9953  9969 D AnalyticsSDK: {}
05-16 17:03:18.365  9953  9969 D AnalyticsSDK: Event: spam_event_188
05-16 17:03:18.365  9953  9969 D AnalyticsSDK: Properties:
05-16 17:03:18.365  9953  9969 D AnalyticsSDK: {}
05-16 17:03:18.366  9953  9969 D AnalyticsSDK: Event: spam_event_189
05-16 17:03:18.366  9953  9969 D AnalyticsSDK: Properties:
05-16 17:03:18.366  9953  9969 D AnalyticsSDK: {}
05-16 17:03:18.367  9953  9969 D AnalyticsSDK: Event: spam_event_190
05-16 17:03:18.367  9953  9969 D AnalyticsSDK: Properties:
05-16 17:03:18.367  9953  9969 D AnalyticsSDK: {}
05-16 17:03:18.368  9953  9986 D AnalyticsSDK: Saved event to database: spam_event_6
05-16 17:03:18.372  9953  9969 D AnalyticsSDK: Event: spam_event_191
05-16 17:03:18.372  9953  9969 D AnalyticsSDK: Properties:
05-16 17:03:18.372  9953  9969 D AnalyticsSDK: {}
05-16 17:03:18.372  9953  9969 D AnalyticsSDK: Event: spam_event_192
05-16 17:03:18.372  9953  9969 D AnalyticsSDK: Properties:
05-16 17:03:18.372  9953  9969 D AnalyticsSDK: {}
05-16 17:03:18.372  9953  9969 D AnalyticsSDK: Event: spam_event_193
05-16 17:03:18.372  9953  9969 D AnalyticsSDK: Properties:
05-16 17:03:18.372  9953  9969 D AnalyticsSDK: {}
05-16 17:03:18.374  9953  9969 D AnalyticsSDK: Event: spam_event_194
05-16 17:03:18.374  9953  9969 D AnalyticsSDK: Properties:
05-16 17:03:18.374  9953  9969 D AnalyticsSDK: {}
05-16 17:03:18.375  9953  9969 D AnalyticsSDK: Event: spam_event_195
05-16 17:03:18.375  9953  9969 D AnalyticsSDK: Properties:
05-16 17:03:18.375  9953  9969 D AnalyticsSDK: {}
05-16 17:03:18.377  9953  9969 D AnalyticsSDK: Event: spam_event_196
05-16 17:03:18.377  9953  9969 D AnalyticsSDK: Properties:
05-16 17:03:18.377  9953  9969 D AnalyticsSDK: {}
05-16 17:03:18.377  9953  9969 D AnalyticsSDK: Event: spam_event_197
05-16 17:03:18.377  9953  9969 D AnalyticsSDK: Properties:
05-16 17:03:18.377  9953  9969 D AnalyticsSDK: {}
05-16 17:03:18.381  9953  9969 D AnalyticsSDK: Event: spam_event_198
05-16 17:03:18.381  9953  9969 D AnalyticsSDK: Properties:
05-16 17:03:18.381  9953  9969 D AnalyticsSDK: {}
05-16 17:03:18.382  9953  9989 D AnalyticsSDK: Saved event to database: spam_event_8
05-16 17:03:18.383  9953  9969 D AnalyticsSDK: Event: spam_event_199
05-16 17:03:18.383  9953  9969 D AnalyticsSDK: Properties:
05-16 17:03:18.383  9953  9969 D AnalyticsSDK: {}
05-16 17:03:18.384  9953  9969 D AnalyticsSDK: Event: spam_event_200
05-16 17:03:18.384  9953  9969 D AnalyticsSDK: Properties:
05-16 17:03:18.384  9953  9969 D AnalyticsSDK: {}
05-16 17:03:18.384  9953  9969 D AnalyticsSDK: Event: spam_event_201
05-16 17:03:18.384  9953  9969 D AnalyticsSDK: Properties:
05-16 17:03:18.384  9953  9969 D AnalyticsSDK: {}
05-16 17:03:18.386  9953  9969 D AnalyticsSDK: Event: spam_event_202
05-16 17:03:18.386  9953  9969 D AnalyticsSDK: Properties:
05-16 17:03:18.386  9953  9969 D AnalyticsSDK: {}
05-16 17:03:18.387  9953  9969 D AnalyticsSDK: Event: spam_event_203
05-16 17:03:18.387  9953  9969 D AnalyticsSDK: Properties:
05-16 17:03:18.387  9953  9969 D AnalyticsSDK: {}
05-16 17:03:18.390  9953  9969 D AnalyticsSDK: Event: spam_event_204
05-16 17:03:18.390  9953  9969 D AnalyticsSDK: Properties:
05-16 17:03:18.390  9953  9969 D AnalyticsSDK: {}
05-16 17:03:18.394  9953  9969 D AnalyticsSDK: Event: spam_event_205
05-16 17:03:18.394  9953  9969 D AnalyticsSDK: Properties:
05-16 17:03:18.394  9953  9969 D AnalyticsSDK: {}
05-16 17:03:18.394  9953  9969 D AnalyticsSDK: Event: spam_event_206
05-16 17:03:18.394  9953  9969 D AnalyticsSDK: Properties:
05-16 17:03:18.394  9953  9969 D AnalyticsSDK: {}
05-16 17:03:18.398  9953  9969 D AnalyticsSDK: Event: spam_event_207
05-16 17:03:18.398  9953  9969 D AnalyticsSDK: Properties:
05-16 17:03:18.398  9953  9969 D AnalyticsSDK: {}
05-16 17:03:18.399  9953  9969 D AnalyticsSDK: Event: spam_event_208
05-16 17:03:18.399  9953  9969 D AnalyticsSDK: Properties:
05-16 17:03:18.399  9953  9969 D AnalyticsSDK: {}
05-16 17:03:18.400  9953  9983 D AnalyticsSDK: Saved event to database: spam_event_4
05-16 17:03:18.405  9953  9969 D AnalyticsSDK: Event: spam_event_209
05-16 17:03:18.405  9953  9969 D AnalyticsSDK: Properties:
05-16 17:03:18.405  9953  9969 D AnalyticsSDK: {}
05-16 17:03:18.405  9953  9969 D AnalyticsSDK: Event: spam_event_210
05-16 17:03:18.405  9953  9969 D AnalyticsSDK: Properties:
05-16 17:03:18.405  9953  9969 D AnalyticsSDK: {}
05-16 17:03:18.405  9953  9969 D AnalyticsSDK: Event: spam_event_211
05-16 17:03:18.405  9953  9969 D AnalyticsSDK: Properties:
05-16 17:03:18.405  9953  9969 D AnalyticsSDK: {}
05-16 17:03:18.406  9953  9969 D AnalyticsSDK: Event: spam_event_212
05-16 17:03:18.406  9953  9969 D AnalyticsSDK: Properties:
05-16 17:03:18.406  9953  9969 D AnalyticsSDK: {}
05-16 17:03:18.414  9953  9969 D AnalyticsSDK: Event: spam_event_213
05-16 17:03:18.414  9953  9969 D AnalyticsSDK: Properties:
05-16 17:03:18.414  9953  9969 D AnalyticsSDK: {}
05-16 17:03:18.414  9953  9969 D AnalyticsSDK: Event: spam_event_214
05-16 17:03:18.414  9953  9969 D AnalyticsSDK: Properties:
05-16 17:03:18.414  9953  9969 D AnalyticsSDK: {}
05-16 17:03:18.417  9953  9969 D AnalyticsSDK: Event: spam_event_215
05-16 17:03:18.417  9953  9969 D AnalyticsSDK: Properties:
05-16 17:03:18.417  9953  9969 D AnalyticsSDK: {}
05-16 17:03:18.417  9953  9969 D AnalyticsSDK: Event: spam_event_216
05-16 17:03:18.417  9953  9969 D AnalyticsSDK: Properties:
05-16 17:03:18.417  9953  9969 D AnalyticsSDK: {}
05-16 17:03:18.417  9953  9969 D AnalyticsSDK: Event: spam_event_217
05-16 17:03:18.417  9953  9969 D AnalyticsSDK: Properties:
05-16 17:03:18.417  9953  9969 D AnalyticsSDK: {}
05-16 17:03:18.418  9953  9969 D AnalyticsSDK: Event: spam_event_218
05-16 17:03:18.418  9953  9969 D AnalyticsSDK: Properties:
05-16 17:03:18.418  9953  9969 D AnalyticsSDK: {}
05-16 17:03:18.419  9953  9969 D AnalyticsSDK: Event: spam_event_219
05-16 17:03:18.419  9953  9969 D AnalyticsSDK: Properties:
05-16 17:03:18.419  9953  9969 D AnalyticsSDK: {}
05-16 17:03:18.423  9953  9969 D AnalyticsSDK: Event: spam_event_220
05-16 17:03:18.423  9953  9969 D AnalyticsSDK: Properties:
05-16 17:03:18.423  9953  9969 D AnalyticsSDK: {}
05-16 17:03:18.423  9953  9969 D AnalyticsSDK: Event: spam_event_221
05-16 17:03:18.423  9953  9969 D AnalyticsSDK: Properties:
05-16 17:03:18.423  9953  9969 D AnalyticsSDK: {}
05-16 17:03:18.425  9953  9969 D AnalyticsSDK: Event: spam_event_222
05-16 17:03:18.425  9953  9969 D AnalyticsSDK: Properties:
05-16 17:03:18.425  9953  9969 D AnalyticsSDK: {}
05-16 17:03:18.426  9953  9969 D AnalyticsSDK: Event: spam_event_223
05-16 17:03:18.426  9953  9969 D AnalyticsSDK: Properties:
05-16 17:03:18.426  9953  9969 D AnalyticsSDK: {}
05-16 17:03:18.427  9953  9969 D AnalyticsSDK: Event: spam_event_224
05-16 17:03:18.427  9953  9969 D AnalyticsSDK: Properties:
05-16 17:03:18.427  9953  9969 D AnalyticsSDK: {}
05-16 17:03:18.427  9953  9969 D AnalyticsSDK: Event: spam_event_225
05-16 17:03:18.427  9953  9969 D AnalyticsSDK: Properties:
05-16 17:03:18.427  9953  9969 D AnalyticsSDK: {}
05-16 17:03:18.429  9953  9969 D AnalyticsSDK: Event: spam_event_226
05-16 17:03:18.429  9953  9969 D AnalyticsSDK: Properties:
05-16 17:03:18.429  9953  9969 D AnalyticsSDK: {}
05-16 17:03:18.430  9953  9969 D AnalyticsSDK: Event: spam_event_227
05-16 17:03:18.430  9953  9969 D AnalyticsSDK: Properties:
05-16 17:03:18.430  9953  9969 D AnalyticsSDK: {}
05-16 17:03:18.430  9953  9969 D AnalyticsSDK: Event: spam_event_228
05-16 17:03:18.430  9953  9969 D AnalyticsSDK: Properties:
05-16 17:03:18.430  9953  9969 D AnalyticsSDK: {}
05-16 17:03:18.430  9953  9969 D AnalyticsSDK: Event: spam_event_229
05-16 17:03:18.430  9953  9969 D AnalyticsSDK: Properties:
05-16 17:03:18.430  9953  9969 D AnalyticsSDK: {}
05-16 17:03:18.430  9953  9969 D AnalyticsSDK: Event: spam_event_230
05-16 17:03:18.430  9953  9969 D AnalyticsSDK: Properties:
05-16 17:03:18.430  9953  9969 D AnalyticsSDK: {}
05-16 17:03:18.430  9953  9969 D AnalyticsSDK: Event: spam_event_231
05-16 17:03:18.430  9953  9969 D AnalyticsSDK: Properties:
05-16 17:03:18.430  9953  9969 D AnalyticsSDK: {}
05-16 17:03:18.432  9953  9969 D AnalyticsSDK: Event: spam_event_232
05-16 17:03:18.432  9953  9969 D AnalyticsSDK: Properties:
05-16 17:03:18.432  9953  9969 D AnalyticsSDK: {}
05-16 17:03:18.433  9953  9969 D AnalyticsSDK: Event: spam_event_233
05-16 17:03:18.433  9953  9969 D AnalyticsSDK: Properties:
05-16 17:03:18.433  9953  9969 D AnalyticsSDK: {}
05-16 17:03:18.433  9953  9986 D AnalyticsSDK: Saved event to database: spam_event_13
05-16 17:03:18.434  9953  9969 D AnalyticsSDK: Event: spam_event_234
05-16 17:03:18.434  9953  9969 D AnalyticsSDK: Properties:
05-16 17:03:18.434  9953  9969 D AnalyticsSDK: {}
05-16 17:03:18.435  9953  9969 D AnalyticsSDK: Event: spam_event_235
05-16 17:03:18.435  9953  9969 D AnalyticsSDK: Properties:
05-16 17:03:18.435  9953  9969 D AnalyticsSDK: {}
05-16 17:03:18.436  9953  9969 D AnalyticsSDK: Event: spam_event_236
05-16 17:03:18.436  9953  9969 D AnalyticsSDK: Properties:
05-16 17:03:18.436  9953  9969 D AnalyticsSDK: {}
05-16 17:03:18.437  9953  9969 D AnalyticsSDK: Event: spam_event_237
05-16 17:03:18.437  9953  9969 D AnalyticsSDK: Properties:
05-16 17:03:18.437  9953  9969 D AnalyticsSDK: {}
05-16 17:03:18.440  9953  9969 D AnalyticsSDK: Event: spam_event_238
05-16 17:03:18.440  9953  9969 D AnalyticsSDK: Properties:
05-16 17:03:18.440  9953  9969 D AnalyticsSDK: {}
05-16 17:03:18.440  9953  9969 D AnalyticsSDK: Event: spam_event_239
05-16 17:03:18.440  9953  9969 D AnalyticsSDK: Properties:
05-16 17:03:18.440  9953  9969 D AnalyticsSDK: {}
05-16 17:03:18.441  9953  9969 D AnalyticsSDK: Event: spam_event_240
05-16 17:03:18.441  9953  9969 D AnalyticsSDK: Properties:
05-16 17:03:18.441  9953  9969 D AnalyticsSDK: {}
05-16 17:03:18.442  9953  9969 D AnalyticsSDK: Event: spam_event_241
05-16 17:03:18.442  9953  9969 D AnalyticsSDK: Properties:
05-16 17:03:18.442  9953  9969 D AnalyticsSDK: {}
05-16 17:03:18.443  9953  9969 D AnalyticsSDK: Event: spam_event_242
05-16 17:03:18.443  9953  9969 D AnalyticsSDK: Properties:
05-16 17:03:18.443  9953  9969 D AnalyticsSDK: {}
05-16 17:03:18.446  9953  9969 D AnalyticsSDK: Event: spam_event_243
05-16 17:03:18.446  9953  9969 D AnalyticsSDK: Properties:
05-16 17:03:18.446  9953  9969 D AnalyticsSDK: {}
05-16 17:03:18.446  9953  9969 D AnalyticsSDK: Event: spam_event_244
05-16 17:03:18.446  9953  9969 D AnalyticsSDK: Properties:
05-16 17:03:18.446  9953  9969 D AnalyticsSDK: {}
05-16 17:03:18.447  9953  9969 D AnalyticsSDK: Event: spam_event_245
05-16 17:03:18.447  9953  9969 D AnalyticsSDK: Properties:
05-16 17:03:18.447  9953  9969 D AnalyticsSDK: {}
05-16 17:03:18.447  9953  9969 D AnalyticsSDK: Event: spam_event_246
05-16 17:03:18.447  9953  9969 D AnalyticsSDK: Properties:
05-16 17:03:18.447  9953  9969 D AnalyticsSDK: {}
05-16 17:03:18.447  9953  9969 D AnalyticsSDK: Event: spam_event_247
05-16 17:03:18.447  9953  9969 D AnalyticsSDK: Properties:
05-16 17:03:18.447  9953  9969 D AnalyticsSDK: {}
05-16 17:03:18.449  9953  9969 D AnalyticsSDK: Event: spam_event_248
05-16 17:03:18.449  9953  9969 D AnalyticsSDK: Properties:
05-16 17:03:18.449  9953  9969 D AnalyticsSDK: {}
05-16 17:03:18.451  9953  9969 D AnalyticsSDK: Event: spam_event_249
05-16 17:03:18.451  9953  9969 D AnalyticsSDK: Properties:
05-16 17:03:18.451  9953  9969 D AnalyticsSDK: {}
05-16 17:03:18.454  9953  9969 D AnalyticsSDK: Event: spam_event_250
05-16 17:03:18.454  9953  9969 D AnalyticsSDK: Properties:
05-16 17:03:18.454  9953  9969 D AnalyticsSDK: {}
05-16 17:03:18.455  9953  9969 D AnalyticsSDK: Event: spam_event_251
05-16 17:03:18.455  9953  9969 D AnalyticsSDK: Properties:
05-16 17:03:18.455  9953  9969 D AnalyticsSDK: {}
05-16 17:03:18.456  9953  9969 D AnalyticsSDK: Event: spam_event_252
05-16 17:03:18.456  9953  9969 D AnalyticsSDK: Properties:
05-16 17:03:18.456  9953  9969 D AnalyticsSDK: {}
05-16 17:03:18.456  9953  9969 D AnalyticsSDK: Event: spam_event_253
05-16 17:03:18.456  9953  9969 D AnalyticsSDK: Properties:
05-16 17:03:18.456  9953  9969 D AnalyticsSDK: {}
05-16 17:03:18.456  9953  9969 D AnalyticsSDK: Event: spam_event_254
05-16 17:03:18.456  9953  9969 D AnalyticsSDK: Properties:
05-16 17:03:18.456  9953  9969 D AnalyticsSDK: {}
05-16 17:03:18.458  9953  9969 D AnalyticsSDK: Event: spam_event_255
05-16 17:03:18.458  9953  9969 D AnalyticsSDK: Properties:
05-16 17:03:18.458  9953  9969 D AnalyticsSDK: {}
05-16 17:03:18.459  9953  9969 D AnalyticsSDK: Event: spam_event_256
05-16 17:03:18.459  9953  9969 D AnalyticsSDK: Properties:
05-16 17:03:18.459  9953  9969 D AnalyticsSDK: {}
05-16 17:03:18.460  9953  9996 D AnalyticsSDK: Saved event to database: spam_event_11
05-16 17:03:18.460  9953  9969 D AnalyticsSDK: Event: spam_event_257
05-16 17:03:18.460  9953  9969 D AnalyticsSDK: Properties:
05-16 17:03:18.460  9953  9969 D AnalyticsSDK: {}
05-16 17:03:18.462  9953  9969 D AnalyticsSDK: Event: spam_event_258
05-16 17:03:18.462  9953  9969 D AnalyticsSDK: Properties:
05-16 17:03:18.462  9953  9969 D AnalyticsSDK: {}
05-16 17:03:18.463  9953  9969 D AnalyticsSDK: Event: spam_event_259
05-16 17:03:18.463  9953  9969 D AnalyticsSDK: Properties:
05-16 17:03:18.463  9953  9969 D AnalyticsSDK: {}
05-16 17:03:18.463  9953  9969 D AnalyticsSDK: Event: spam_event_260
05-16 17:03:18.463  9953  9969 D AnalyticsSDK: Properties:
05-16 17:03:18.463  9953  9969 D AnalyticsSDK: {}
05-16 17:03:18.465  9953  9969 D AnalyticsSDK: Event: spam_event_261
05-16 17:03:18.465  9953  9969 D AnalyticsSDK: Properties:
05-16 17:03:18.465  9953  9969 D AnalyticsSDK: {}
05-16 17:03:18.468  9953  9969 D AnalyticsSDK: Event: spam_event_262
05-16 17:03:18.468  9953  9969 D AnalyticsSDK: Properties:
05-16 17:03:18.468  9953  9969 D AnalyticsSDK: {}
05-16 17:03:18.469  9953  9969 D AnalyticsSDK: Event: spam_event_263
05-16 17:03:18.469  9953  9969 D AnalyticsSDK: Properties:
05-16 17:03:18.469  9953  9969 D AnalyticsSDK: {}
