05-16 17:03:18.470  9953  9969 D AnalyticsSDK: Event: spam_event_264
05-16 17:03:18.470  9953  9969 D AnalyticsSDK: Properties:
05-16 17:03:18.470  9953  9969 D AnalyticsSDK: {}
05-16 17:03:18.470  9953  9969 D AnalyticsSDK: Event: spam_event_265
05-16 17:03:18.470  9953  9969 D AnalyticsSDK: Properties:
05-16 17:03:18.470  9953  9969 D AnalyticsSDK: {}
05-16 17:03:18.473  9953  9969 D AnalyticsSDK: Event: spam_event_266
05-16 17:03:18.473  9953  9969 D AnalyticsSDK: Properties:
05-16 17:03:18.473  9953  9969 D AnalyticsSDK: {}
05-16 17:03:18.474  9953  9969 D AnalyticsSDK: Event: spam_event_267
05-16 17:03:18.474  9953  9969 D AnalyticsSDK: Properties:
05-16 17:03:18.474  9953  9969 D AnalyticsSDK: {}
05-16 17:03:18.475  9953  9969 D AnalyticsSDK: Event: spam_event_268
05-16 17:03:18.475  9953  9969 D AnalyticsSDK: Properties:
05-16 17:03:18.475  9953  9969 D AnalyticsSDK: {}
05-16 17:03:18.476  9953  9969 D AnalyticsSDK: Event: spam_event_269
05-16 17:03:18.476  9953  9969 D AnalyticsSDK: Properties:
05-16 17:03:18.476  9953  9969 D AnalyticsSDK: {}
05-16 17:03:18.477  9953  9969 D AnalyticsSDK: Event: spam_event_270
05-16 17:03:18.477  9953  9969 D AnalyticsSDK: Properties:
05-16 17:03:18.477  9953  9969 D AnalyticsSDK: {}
05-16 17:03:18.478  9953  9969 D AnalyticsSDK: Event: spam_event_271
05-16 17:03:18.478  9953  9969 D AnalyticsSDK: Properties:
05-16 17:03:18.478  9953  9969 D AnalyticsSDK: {}
05-16 17:03:18.479  9953  9969 D AnalyticsSDK: Event: spam_event_272
05-16 17:03:18.479  9953  9969 D AnalyticsSDK: Properties:
05-16 17:03:18.479  9953  9969 D AnalyticsSDK: {}
05-16 17:03:18.480  9953  9969 D AnalyticsSDK: Event: spam_event_273
05-16 17:03:18.480  9953  9969 D AnalyticsSDK: Properties:
05-16 17:03:18.480  9953  9969 D AnalyticsSDK: {}
05-16 17:03:18.481  9953  9969 D AnalyticsSDK: Event: spam_event_274
05-16 17:03:18.481  9953  9969 D AnalyticsSDK: Properties:
05-16 17:03:18.481  9953  9969 D AnalyticsSDK: {}
05-16 17:03:18.483  9953  9969 D AnalyticsSDK: Event: spam_event_275
05-16 17:03:18.483  9953  9969 D AnalyticsSDK: Properties:
05-16 17:03:18.483  9953  9969 D AnalyticsSDK: {}
05-16 17:03:18.486  9953  9969 D AnalyticsSDK: Event: spam_event_276
05-16 17:03:18.486  9953  9969 D AnalyticsSDK: Properties:
05-16 17:03:18.486  9953  9969 D AnalyticsSDK: {}
05-16 17:03:18.486  9953  9969 D AnalyticsSDK: Event: spam_event_277
05-16 17:03:18.486  9953  9969 D AnalyticsSDK: Properties:
05-16 17:03:18.486  9953  9969 D AnalyticsSDK: {}
05-16 17:03:18.486  9953  9989 D AnalyticsSDK: Saved event to database: spam_event_12
05-16 17:03:18.486  9953  9969 D AnalyticsSDK: Event: spam_event_278
05-16 17:03:18.486  9953  9969 D AnalyticsSDK: Properties:
05-16 17:03:18.486  9953  9969 D AnalyticsSDK: {}
05-16 17:03:18.486  9953  9969 D AnalyticsSDK: Event: spam_event_279
05-16 17:03:18.486  9953  9969 D AnalyticsSDK: Properties:
05-16 17:03:18.486  9953  9969 D AnalyticsSDK: {}
05-16 17:03:18.487  9953  9969 D AnalyticsSDK: Event: spam_event_280
05-16 17:03:18.487  9953  9969 D AnalyticsSDK: Properties:
05-16 17:03:18.487  9953  9969 D AnalyticsSDK: {}
05-16 17:03:18.487  9953  9969 D AnalyticsSDK: Event: spam_event_281
05-16 17:03:18.487  9953  9969 D AnalyticsSDK: Properties:
05-16 17:03:18.487  9953  9969 D AnalyticsSDK: {}
05-16 17:03:18.489  9953  9969 D AnalyticsSDK: Event: spam_event_282
05-16 17:03:18.489  9953  9969 D AnalyticsSDK: Properties:
05-16 17:03:18.489  9953  9969 D AnalyticsSDK: {}
05-16 17:03:18.489  9953  9969 D AnalyticsSDK: Event: spam_event_283
05-16 17:03:18.489  9953  9969 D AnalyticsSDK: Properties:
05-16 17:03:18.489  9953  9969 D AnalyticsSDK: {}
05-16 17:03:18.490  9953  9969 D AnalyticsSDK: Event: spam_event_284
05-16 17:03:18.490  9953  9969 D AnalyticsSDK: Properties:
05-16 17:03:18.490  9953  9969 D AnalyticsSDK: {}
05-16 17:03:18.491  9953  9969 D AnalyticsSDK: Event: spam_event_285
05-16 17:03:18.491  9953  9969 D AnalyticsSDK: Properties:
05-16 17:03:18.491  9953  9969 D AnalyticsSDK: {}
05-16 17:03:18.492  9953  9969 D AnalyticsSDK: Event: spam_event_286
05-16 17:03:18.492  9953  9969 D AnalyticsSDK: Properties:
05-16 17:03:18.492  9953  9969 D AnalyticsSDK: {}
05-16 17:03:18.492  9953  9969 D AnalyticsSDK: Event: spam_event_287
05-16 17:03:18.492  9953  9969 D AnalyticsSDK: Properties:
05-16 17:03:18.492  9953  9969 D AnalyticsSDK: {}
05-16 17:03:18.493  9953  9969 D AnalyticsSDK: Event: spam_event_288
05-16 17:03:18.493  9953  9969 D AnalyticsSDK: Properties:
05-16 17:03:18.493  9953  9969 D AnalyticsSDK: {}
05-16 17:03:18.493  9953  9969 D AnalyticsSDK: Event: spam_event_289
05-16 17:03:18.493  9953  9969 D AnalyticsSDK: Properties:
05-16 17:03:18.493  9953  9969 D AnalyticsSDK: {}
05-16 17:03:18.494  9953  9969 D AnalyticsSDK: Event: spam_event_290
05-16 17:03:18.494  9953  9969 D AnalyticsSDK: Properties:
05-16 17:03:18.494  9953  9969 D AnalyticsSDK: {}
05-16 17:03:18.494  9953  9969 D AnalyticsSDK: Event: spam_event_291
05-16 17:03:18.494  9953  9969 D AnalyticsSDK: Properties:
05-16 17:03:18.494  9953  9969 D AnalyticsSDK: {}
05-16 17:03:18.495  9953  9969 D AnalyticsSDK: Event: spam_event_292
05-16 17:03:18.495  9953  9969 D AnalyticsSDK: Properties:
05-16 17:03:18.495  9953  9969 D AnalyticsSDK: {}
05-16 17:03:18.498  9953  9969 D AnalyticsSDK: Event: spam_event_293
05-16 17:03:18.498  9953  9969 D AnalyticsSDK: Properties:
05-16 17:03:18.498  9953  9969 D AnalyticsSDK: {}
05-16 17:03:18.499  9953  9969 D AnalyticsSDK: Event: spam_event_294
05-16 17:03:18.499  9953  9969 D AnalyticsSDK: Properties:
05-16 17:03:18.499  9953  9969 D AnalyticsSDK: {}
05-16 17:03:18.500  9953  9969 D AnalyticsSDK: Event: spam_event_295
05-16 17:03:18.500  9953  9969 D AnalyticsSDK: Properties:
05-16 17:03:18.500  9953  9969 D AnalyticsSDK: {}
05-16 17:03:18.500  9953  9969 D AnalyticsSDK: Event: spam_event_296
05-16 17:03:18.500  9953  9969 D AnalyticsSDK: Properties:
05-16 17:03:18.500  9953  9969 D AnalyticsSDK: {}
05-16 17:03:18.500  9953  9969 D AnalyticsSDK: Event: spam_event_297
05-16 17:03:18.500  9953  9969 D AnalyticsSDK: Properties:
05-16 17:03:18.500  9953  9969 D AnalyticsSDK: {}
05-16 17:03:18.500  9953  9969 D AnalyticsSDK: Event: spam_event_298
05-16 17:03:18.500  9953  9969 D AnalyticsSDK: Properties:
05-16 17:03:18.500  9953  9969 D AnalyticsSDK: {}
05-16 17:03:18.500  9953  9969 D AnalyticsSDK: Event: spam_event_299
05-16 17:03:18.500  9953  9969 D AnalyticsSDK: Properties:
05-16 17:03:18.500  9953  9969 D AnalyticsSDK: {}
05-16 17:03:18.502  9953  9976 D AnalyticsSDK: Saved event to database: spam_event_16
05-16 17:03:18.504  9953  9969 D AnalyticsSDK: Event: spam_event_300
05-16 17:03:18.504  9953  9969 D AnalyticsSDK: Properties:
05-16 17:03:18.504  9953  9969 D AnalyticsSDK: {}
05-16 17:03:18.504  9953  9969 D AnalyticsSDK: Event: spam_event_301
05-16 17:03:18.504  9953  9969 D AnalyticsSDK: Properties:
05-16 17:03:18.504  9953  9969 D AnalyticsSDK: {}
05-16 17:03:18.506  9953  9969 D AnalyticsSDK: Event: spam_event_302
05-16 17:03:18.506  9953  9969 D AnalyticsSDK: Properties:
05-16 17:03:18.506  9953  9969 D AnalyticsSDK: {}
05-16 17:03:18.507  9953  9969 D AnalyticsSDK: Event: spam_event_303
05-16 17:03:18.507  9953  9969 D AnalyticsSDK: Properties:
05-16 17:03:18.507  9953  9969 D AnalyticsSDK: {}
05-16 17:03:18.508  9953  9969 D AnalyticsSDK: Event: spam_event_304
05-16 17:03:18.508  9953  9969 D AnalyticsSDK: Properties:
05-16 17:03:18.508  9953  9969 D AnalyticsSDK: {}
05-16 17:03:18.511  9953  9969 D AnalyticsSDK: Event: spam_event_305
05-16 17:03:18.511  9953  9969 D AnalyticsSDK: Properties:
05-16 17:03:18.511  9953  9969 D AnalyticsSDK: {}
05-16 17:03:18.513  9953  9969 D AnalyticsSDK: Event: spam_event_306
05-16 17:03:18.513  9953  9969 D AnalyticsSDK: Properties:
05-16 17:03:18.513  9953  9969 D AnalyticsSDK: {}
05-16 17:03:18.514  9953  9969 D AnalyticsSDK: Event: spam_event_307
05-16 17:03:18.514  9953  9969 D AnalyticsSDK: Properties:
05-16 17:03:18.514  9953  9969 D AnalyticsSDK: {}
05-16 17:03:18.515  9953  9969 D AnalyticsSDK: Event: spam_event_308
05-16 17:03:18.515  9953  9969 D AnalyticsSDK: Properties:
05-16 17:03:18.515  9953  9969 D AnalyticsSDK: {}
05-16 17:03:18.518  9953  9969 D AnalyticsSDK: Event: spam_event_309
05-16 17:03:18.518  9953  9969 D AnalyticsSDK: Properties:
05-16 17:03:18.518  9953  9969 D AnalyticsSDK: {}
05-16 17:03:18.520  9953  9969 D AnalyticsSDK: Event: spam_event_310
05-16 17:03:18.520  9953  9969 D AnalyticsSDK: Properties:
05-16 17:03:18.520  9953  9969 D AnalyticsSDK: {}
05-16 17:03:18.525  9953  9969 D AnalyticsSDK: Event: spam_event_311
05-16 17:03:18.525  9953  9969 D AnalyticsSDK: Properties:
05-16 17:03:18.525  9953  9969 D AnalyticsSDK: {}
05-16 17:03:18.525  9953  9969 D AnalyticsSDK: Event: spam_event_312
05-16 17:03:18.525  9953  9969 D AnalyticsSDK: Properties:
05-16 17:03:18.525  9953  9969 D AnalyticsSDK: {}
05-16 17:03:18.526  9953  9969 D AnalyticsSDK: Event: spam_event_313
05-16 17:03:18.526  9953  9969 D AnalyticsSDK: Properties:
05-16 17:03:18.526  9953  9969 D AnalyticsSDK: {}
05-16 17:03:18.528  9953  9969 D AnalyticsSDK: Event: spam_event_314
05-16 17:03:18.528  9953  9969 D AnalyticsSDK: Properties:
05-16 17:03:18.528  9953  9969 D AnalyticsSDK: {}
05-16 17:03:18.531  9953  9969 D AnalyticsSDK: Event: spam_event_315
05-16 17:03:18.531  9953  9969 D AnalyticsSDK: Properties:
05-16 17:03:18.531  9953  9969 D AnalyticsSDK: {}
05-16 17:03:18.531  9953  9969 D AnalyticsSDK: Event: spam_event_316
05-16 17:03:18.531  9953  9969 D AnalyticsSDK: Properties:
05-16 17:03:18.531  9953  9969 D AnalyticsSDK: {}
05-16 17:03:18.531  9953  9969 D AnalyticsSDK: Event: spam_event_317
05-16 17:03:18.531  9953  9969 D AnalyticsSDK: Properties:
05-16 17:03:18.531  9953  9969 D AnalyticsSDK: {}
05-16 17:03:18.532  9953  9969 D AnalyticsSDK: Event: spam_event_318
05-16 17:03:18.532  9953  9969 D AnalyticsSDK: Properties:
05-16 17:03:18.532  9953  9969 D AnalyticsSDK: {}
05-16 17:03:18.538  9953  9969 D AnalyticsSDK: Event: spam_event_319
05-16 17:03:18.538  9953  9969 D AnalyticsSDK: Properties:
05-16 17:03:18.538  9953  9969 D AnalyticsSDK: {}
05-16 17:03:18.538  9953  9991 D AnalyticsSDK: Saved event to database: spam_event_14
05-16 17:03:18.539  9953  9969 D AnalyticsSDK: Event: spam_event_320
05-16 17:03:18.539  9953  9969 D AnalyticsSDK: Properties:
05-16 17:03:18.539  9953  9969 D AnalyticsSDK: {}
05-16 17:03:18.543  9953  9969 D AnalyticsSDK: Event: spam_event_321
05-16 17:03:18.543  9953  9969 D AnalyticsSDK: Properties:
05-16 17:03:18.543  9953  9969 D AnalyticsSDK: {}
05-16 17:03:18.544  9953  9969 D AnalyticsSDK: Event: spam_event_322
05-16 17:03:18.544  9953  9969 D AnalyticsSDK: Properties:
05-16 17:03:18.544  9953  9969 D AnalyticsSDK: {}
05-16 17:03:18.545  9953  9969 D AnalyticsSDK: Event: spam_event_323
05-16 17:03:18.545  9953  9969 D AnalyticsSDK: Properties:
05-16 17:03:18.545  9953  9969 D AnalyticsSDK: {}
05-16 17:03:18.548  9953  9993 D AnalyticsSDK: Saved event to database: spam_event_15
05-16 17:03:18.549  9953  9969 D AnalyticsSDK: Event: spam_event_324
05-16 17:03:18.549  9953  9969 D AnalyticsSDK: Properties:
05-16 17:03:18.549  9953  9969 D AnalyticsSDK: {}
05-16 17:03:18.549  9953  9969 D AnalyticsSDK: Event: spam_event_325
05-16 17:03:18.549  9953  9969 D AnalyticsSDK: Properties:
05-16 17:03:18.549  9953  9969 D AnalyticsSDK: {}
05-16 17:03:18.552  9953  9969 D AnalyticsSDK: Event: spam_event_326
05-16 17:03:18.552  9953  9969 D AnalyticsSDK: Properties:
05-16 17:03:18.552  9953  9969 D AnalyticsSDK: {}
05-16 17:03:18.553  9953  9969 D AnalyticsSDK: Event: spam_event_327
05-16 17:03:18.553  9953  9969 D AnalyticsSDK: Properties:
05-16 17:03:18.553  9953  9969 D AnalyticsSDK: {}
05-16 17:03:18.554  9953  9969 D AnalyticsSDK: Event: spam_event_328
05-16 17:03:18.554  9953  9969 D AnalyticsSDK: Properties:
05-16 17:03:18.554  9953  9969 D AnalyticsSDK: {}
05-16 17:03:18.556  9953  9969 D AnalyticsSDK: Event: spam_event_329
05-16 17:03:18.556  9953  9969 D AnalyticsSDK: Properties:
05-16 17:03:18.556  9953  9969 D AnalyticsSDK: {}
05-16 17:03:18.558  9953  9969 D AnalyticsSDK: Event: spam_event_330
05-16 17:03:18.558  9953  9969 D AnalyticsSDK: Properties:
05-16 17:03:18.558  9953  9969 D AnalyticsSDK: {}
05-16 17:03:18.558  9953  9969 D AnalyticsSDK: Event: spam_event_331
05-16 17:03:18.558  9953  9969 D AnalyticsSDK: Properties:
05-16 17:03:18.558  9953  9969 D AnalyticsSDK: {}
05-16 17:03:18.559  9953  9969 D AnalyticsSDK: Event: spam_event_332
05-16 17:03:18.559  9953  9969 D AnalyticsSDK: Properties:
05-16 17:03:18.559  9953  9969 D AnalyticsSDK: {}
05-16 17:03:18.562  9953  9969 D AnalyticsSDK: Event: spam_event_333
05-16 17:03:18.562  9953  9969 D AnalyticsSDK: Properties:
05-16 17:03:18.562  9953  9969 D AnalyticsSDK: {}
05-16 17:03:18.565  9953  9969 D AnalyticsSDK: Event: spam_event_334
05-16 17:03:18.565  9953  9969 D AnalyticsSDK: Properties:
05-16 17:03:18.565  9953  9969 D AnalyticsSDK: {}
05-16 17:03:18.565  9953  9969 D AnalyticsSDK: Event: spam_event_335
05-16 17:03:18.565  9953  9969 D AnalyticsSDK: Properties:
05-16 17:03:18.565  9953  9969 D AnalyticsSDK: {}
05-16 17:03:18.566  9953  9969 D AnalyticsSDK: Event: spam_event_336
05-16 17:03:18.566  9953  9969 D AnalyticsSDK: Properties:
05-16 17:03:18.566  9953  9969 D AnalyticsSDK: {}
05-16 17:03:18.569  9953  9969 D AnalyticsSDK: Event: spam_event_337
05-16 17:03:18.569  9953  9969 D AnalyticsSDK: Properties:
05-16 17:03:18.569  9953  9969 D AnalyticsSDK: {}
05-16 17:03:18.572  9953  9969 D AnalyticsSDK: Event: spam_event_338
05-16 17:03:18.572  9953  9969 D AnalyticsSDK: Properties:
05-16 17:03:18.572  9953  9969 D AnalyticsSDK: {}
05-16 17:03:18.572  9953  9969 D AnalyticsSDK: Event: spam_event_339
05-16 17:03:18.572  9953  9969 D AnalyticsSDK: Properties:
05-16 17:03:18.572  9953  9969 D AnalyticsSDK: {}
05-16 17:03:18.573  9953  9969 D AnalyticsSDK: Event: spam_event_340
05-16 17:03:18.573  9953  9969 D AnalyticsSDK: Properties:
05-16 17:03:18.573  9953  9969 D AnalyticsSDK: {}
05-16 17:03:18.575  9953  9969 D AnalyticsSDK: Event: spam_event_341
05-16 17:03:18.575  9953  9969 D AnalyticsSDK: Properties:
05-16 17:03:18.575  9953  9969 D AnalyticsSDK: {}
05-16 17:03:18.575  9953  9969 D AnalyticsSDK: Event: spam_event_342
05-16 17:03:18.575  9953  9969 D AnalyticsSDK: Properties:
05-16 17:03:18.575  9953  9969 D AnalyticsSDK: {}
05-16 17:03:18.576  9953  9987 D AnalyticsSDK: Saved event to database: spam_event_20
05-16 17:03:18.582  9953  9969 D AnalyticsSDK: Event: spam_event_343
05-16 17:03:18.582  9953  9969 D AnalyticsSDK: Properties:
05-16 17:03:18.582  9953  9969 D AnalyticsSDK: {}
05-16 17:03:18.584  9953  9969 D AnalyticsSDK: Event: spam_event_344
05-16 17:03:18.584  9953  9969 D AnalyticsSDK: Properties:
05-16 17:03:18.584  9953  9969 D AnalyticsSDK: {}
05-16 17:03:18.584  9953  9969 D AnalyticsSDK: Event: spam_event_345
05-16 17:03:18.584  9953  9969 D AnalyticsSDK: Properties:
05-16 17:03:18.584  9953  9969 D AnalyticsSDK: {}
05-16 17:03:18.585  9953  9969 D AnalyticsSDK: Event: spam_event_346
05-16 17:03:18.585  9953  9969 D AnalyticsSDK: Properties:
05-16 17:03:18.585  9953  9969 D AnalyticsSDK: {}
05-16 17:03:18.585   877  1109 I HalDevMgr: bestIfaceCreationProposal is null, requestIface=STA, existingIface=[name=wlan0 type=STA]
05-16 17:03:18.587  9953  9969 D AnalyticsSDK: Event: spam_event_347
05-16 17:03:18.587  9953  9969 D AnalyticsSDK: Properties:
05-16 17:03:18.587  9953  9969 D AnalyticsSDK: {}
05-16 17:03:18.589  9953  9969 D AnalyticsSDK: Event: spam_event_348
05-16 17:03:18.589  9953  9969 D AnalyticsSDK: Properties:
05-16 17:03:18.589  9953  9969 D AnalyticsSDK: {}
05-16 17:03:18.591  9953  9969 D AnalyticsSDK: Event: spam_event_349
05-16 17:03:18.591  9953  9969 D AnalyticsSDK: Properties:
05-16 17:03:18.591  9953  9969 D AnalyticsSDK: {}
05-16 17:03:18.592  9953  9969 D AnalyticsSDK: Event: spam_event_350
05-16 17:03:18.592  9953  9969 D AnalyticsSDK: Properties:
05-16 17:03:18.592  9953  9969 D AnalyticsSDK: {}
05-16 17:03:18.593  9953  9969 D AnalyticsSDK: Event: spam_event_351
05-16 17:03:18.593  9953  9969 D AnalyticsSDK: Properties:
05-16 17:03:18.593  9953  9969 D AnalyticsSDK: {}
05-16 17:03:18.594  9953  9969 D AnalyticsSDK: Event: spam_event_352
05-16 17:03:18.594  9953  9969 D AnalyticsSDK: Properties:
05-16 17:03:18.594  9953  9969 D AnalyticsSDK: {}
05-16 17:03:18.595  9953  9969 D AnalyticsSDK: Event: spam_event_353
05-16 17:03:18.595  9953  9969 D AnalyticsSDK: Properties:
05-16 17:03:18.595  9953  9969 D AnalyticsSDK: {}
05-16 17:03:18.595  9953  9969 D AnalyticsSDK: Event: spam_event_354
05-16 17:03:18.595  9953  9969 D AnalyticsSDK: Properties:
05-16 17:03:18.595  9953  9969 D AnalyticsSDK: {}
05-16 17:03:18.597  9953  9969 D AnalyticsSDK: Event: spam_event_355
05-16 17:03:18.597  9953  9969 D AnalyticsSDK: Properties:
05-16 17:03:18.597  9953  9969 D AnalyticsSDK: {}
05-16 17:03:18.597  9953  9969 D AnalyticsSDK: Event: spam_event_356
05-16 17:03:18.597  9953  9969 D AnalyticsSDK: Properties:
05-16 17:03:18.597  9953  9969 D AnalyticsSDK: {}
05-16 17:03:18.597  9953  9969 D AnalyticsSDK: Event: spam_event_357
05-16 17:03:18.597  9953  9969 D AnalyticsSDK: Properties:
05-16 17:03:18.597  9953  9969 D AnalyticsSDK: {}
05-16 17:03:18.598  9953  9969 D AnalyticsSDK: Event: spam_event_358
05-16 17:03:18.598  9953  9969 D AnalyticsSDK: Properties:
05-16 17:03:18.598  9953  9969 D AnalyticsSDK: {}
05-16 17:03:18.599  9953  9969 D AnalyticsSDK: Event: spam_event_359
05-16 17:03:18.599  9953  9969 D AnalyticsSDK: Properties:
05-16 17:03:18.599  9953  9969 D AnalyticsSDK: {}
05-16 17:03:18.603  9953  9969 D AnalyticsSDK: Event: spam_event_360
05-16 17:03:18.603  9953  9969 D AnalyticsSDK: Properties:
05-16 17:03:18.603  9953  9969 D AnalyticsSDK: {}
05-16 17:03:18.604  9953  9969 D AnalyticsSDK: Event: spam_event_361
05-16 17:03:18.604  9953  9969 D AnalyticsSDK: Properties:
05-16 17:03:18.604  9953  9969 D AnalyticsSDK: {}
05-16 17:03:18.604  9953  9969 D AnalyticsSDK: Event: spam_event_362
05-16 17:03:18.604  9953  9969 D AnalyticsSDK: Properties:
05-16 17:03:18.604  9953  9969 D AnalyticsSDK: {}
05-16 17:03:18.606  9953  9969 D AnalyticsSDK: Event: spam_event_363
05-16 17:03:18.606  9953  9969 D AnalyticsSDK: Properties:
05-16 17:03:18.606  9953  9969 D AnalyticsSDK: {}
05-16 17:03:18.606  9953  9969 D AnalyticsSDK: Event: spam_event_364
05-16 17:03:18.606  9953  9969 D AnalyticsSDK: Properties:
05-16 17:03:18.606  9953  9969 D AnalyticsSDK: {}
05-16 17:03:18.607  9953  9969 D AnalyticsSDK: Event: spam_event_365
05-16 17:03:18.607  9953  9969 D AnalyticsSDK: Properties:
05-16 17:03:18.607  9953  9969 D AnalyticsSDK: {}
05-16 17:03:18.609  9953  9969 D AnalyticsSDK: Event: spam_event_366
05-16 17:03:18.609  9953  9969 D AnalyticsSDK: Properties:
05-16 17:03:18.609  9953  9969 D AnalyticsSDK: {}
05-16 17:03:18.610  9953  9969 D AnalyticsSDK: Event: spam_event_367
05-16 17:03:18.610  9953  9969 D AnalyticsSDK: Properties:
05-16 17:03:18.610  9953  9969 D AnalyticsSDK: {}
05-16 17:03:18.610  9953  9969 D AnalyticsSDK: Event: spam_event_368
05-16 17:03:18.610  9953  9969 D AnalyticsSDK: Properties:
05-16 17:03:18.610  9953  9969 D AnalyticsSDK: {}
05-16 17:03:18.611  9953  9969 D AnalyticsSDK: Event: spam_event_369
05-16 17:03:18.611  9953  9969 D AnalyticsSDK: Properties:
05-16 17:03:18.611  9953  9969 D AnalyticsSDK: {}
05-16 17:03:18.611  9953  9969 D AnalyticsSDK: Event: spam_event_370
05-16 17:03:18.611  9953  9969 D AnalyticsSDK: Properties:
05-16 17:03:18.611  9953  9969 D AnalyticsSDK: {}
05-16 17:03:18.614  9953  9993 D AnalyticsSDK: Saved event to database: spam_event_23
05-16 17:03:18.618  9953  9969 D AnalyticsSDK: Event: spam_event_371
05-16 17:03:18.618  9953  9969 D AnalyticsSDK: Properties:
05-16 17:03:18.618  9953  9969 D AnalyticsSDK: {}
05-16 17:03:18.618  9953  9969 D AnalyticsSDK: Event: spam_event_372
05-16 17:03:18.618  9953  9969 D AnalyticsSDK: Properties:
05-16 17:03:18.618  9953  9969 D AnalyticsSDK: {}
05-16 17:03:18.618  9953  9969 D AnalyticsSDK: Event: spam_event_373
05-16 17:03:18.618  9953  9969 D AnalyticsSDK: Properties:
05-16 17:03:18.618  9953  9969 D AnalyticsSDK: {}
05-16 17:03:18.619  9953  9969 D AnalyticsSDK: Event: spam_event_374
05-16 17:03:18.619  9953  9969 D AnalyticsSDK: Properties:
05-16 17:03:18.619  9953  9969 D AnalyticsSDK: {}
05-16 17:03:18.621  9953  9969 D AnalyticsSDK: Event: spam_event_375
05-16 17:03:18.621  9953  9969 D AnalyticsSDK: Properties:
05-16 17:03:18.621  9953  9969 D AnalyticsSDK: {}
05-16 17:03:18.622  9953  9969 D AnalyticsSDK: Event: spam_event_376
05-16 17:03:18.622  9953  9969 D AnalyticsSDK: Properties:
05-16 17:03:18.622  9953  9969 D AnalyticsSDK: {}
05-16 17:03:18.627  9953  9969 D AnalyticsSDK: Event: spam_event_377
05-16 17:03:18.627  9953  9969 D AnalyticsSDK: Properties:
05-16 17:03:18.627  9953  9969 D AnalyticsSDK: {}
05-16 17:03:18.628  9953  9969 D AnalyticsSDK: Event: spam_event_378
05-16 17:03:18.628  9953  9969 D AnalyticsSDK: Properties:
05-16 17:03:18.628  9953  9969 D AnalyticsSDK: {}
05-16 17:03:18.629  9953  9969 D AnalyticsSDK: Event: spam_event_379
05-16 17:03:18.629  9953  9969 D AnalyticsSDK: Properties:
05-16 17:03:18.629  9953  9969 D AnalyticsSDK: {}
05-16 17:03:18.630  9953  9969 D AnalyticsSDK: Event: spam_event_380
05-16 17:03:18.630  9953  9969 D AnalyticsSDK: Properties:
05-16 17:03:18.630  9953  9969 D AnalyticsSDK: {}
05-16 17:03:18.630  9953  9969 D AnalyticsSDK: Event: spam_event_381
05-16 17:03:18.630  9953  9969 D AnalyticsSDK: Properties:
05-16 17:03:18.630  9953  9969 D AnalyticsSDK: {}
05-16 17:03:18.632  9953  9969 D AnalyticsSDK: Event: spam_event_382
05-16 17:03:18.632  9953  9969 D AnalyticsSDK: Properties:
05-16 17:03:18.632  9953  9969 D AnalyticsSDK: {}
05-16 17:03:18.634  9953  9969 D AnalyticsSDK: Event: spam_event_383
05-16 17:03:18.634  9953  9969 D AnalyticsSDK: Properties:
05-16 17:03:18.634  9953  9969 D AnalyticsSDK: {}
05-16 17:03:18.634  9953  9969 D AnalyticsSDK: Event: spam_event_384
05-16 17:03:18.634  9953  9969 D AnalyticsSDK: Properties:
05-16 17:03:18.634  9953  9969 D AnalyticsSDK: {}
05-16 17:03:18.635  9953  9969 D AnalyticsSDK: Event: spam_event_385
05-16 17:03:18.635  9953  9969 D AnalyticsSDK: Properties:
05-16 17:03:18.635  9953  9969 D AnalyticsSDK: {}
05-16 17:03:18.636  9953  9969 D AnalyticsSDK: Event: spam_event_386
05-16 17:03:18.636  9953  9969 D AnalyticsSDK: Properties:
05-16 17:03:18.636  9953  9969 D AnalyticsSDK: {}
05-16 17:03:18.638  9953  9969 D AnalyticsSDK: Event: spam_event_387
05-16 17:03:18.638  9953  9969 D AnalyticsSDK: Properties:
05-16 17:03:18.638  9953  9969 D AnalyticsSDK: {}
05-16 17:03:18.639  9953  9969 D AnalyticsSDK: Event: spam_event_388
05-16 17:03:18.639  9953  9969 D AnalyticsSDK: Properties:
05-16 17:03:18.639  9953  9969 D AnalyticsSDK: {}
05-16 17:03:18.640  9953  9969 D AnalyticsSDK: Event: spam_event_389
05-16 17:03:18.640  9953  9969 D AnalyticsSDK: Properties:
05-16 17:03:18.640  9953  9969 D AnalyticsSDK: {}
05-16 17:03:18.645  9953  9977 D AnalyticsSDK: Saved event to database: spam_event_24
05-16 17:03:18.645  9953  9969 D AnalyticsSDK: Event: spam_event_390
05-16 17:03:18.645  9953  9969 D AnalyticsSDK: Properties:
05-16 17:03:18.645  9953  9969 D AnalyticsSDK: {}
05-16 17:03:18.651  9953  9969 D AnalyticsSDK: Event: spam_event_391
05-16 17:03:18.651  9953  9969 D AnalyticsSDK: Properties:
05-16 17:03:18.651  9953  9969 D AnalyticsSDK: {}
05-16 17:03:18.652  9953  9969 D AnalyticsSDK: Event: spam_event_392
05-16 17:03:18.652  9953  9969 D AnalyticsSDK: Properties:
05-16 17:03:18.652  9953  9969 D AnalyticsSDK: {}
05-16 17:03:18.654  9953  9969 D AnalyticsSDK: Event: spam_event_393
05-16 17:03:18.654  9953  9969 D AnalyticsSDK: Properties:
05-16 17:03:18.654  9953  9969 D AnalyticsSDK: {}
05-16 17:03:18.655  9953  9969 D AnalyticsSDK: Event: spam_event_394
05-16 17:03:18.655  9953  9969 D AnalyticsSDK: Properties:
05-16 17:03:18.655  9953  9969 D AnalyticsSDK: {}
05-16 17:03:18.655  9953  9969 D AnalyticsSDK: Event: spam_event_395
05-16 17:03:18.655  9953  9969 D AnalyticsSDK: Properties:
05-16 17:03:18.655  9953  9969 D AnalyticsSDK: {}
05-16 17:03:18.657  9953  9969 D AnalyticsSDK: Event: spam_event_396
05-16 17:03:18.657  9953  9969 D AnalyticsSDK: Properties:
05-16 17:03:18.657  9953  9969 D AnalyticsSDK: {}
05-16 17:03:18.657  9953  9969 D AnalyticsSDK: Event: spam_event_397
05-16 17:03:18.657  9953  9969 D AnalyticsSDK: Properties:
05-16 17:03:18.657  9953  9969 D AnalyticsSDK: {}
05-16 17:03:18.658  9953  9969 D AnalyticsSDK: Event: spam_event_398
05-16 17:03:18.658  9953  9969 D AnalyticsSDK: Properties:
05-16 17:03:18.658  9953  9969 D AnalyticsSDK: {}
05-16 17:03:18.658  9953  9969 D AnalyticsSDK: Event: spam_event_399
05-16 17:03:18.658  9953  9969 D AnalyticsSDK: Properties:
05-16 17:03:18.658  9953  9969 D AnalyticsSDK: {}
05-16 17:03:18.659  9953  9969 D AnalyticsSDK: Event: spam_event_400
05-16 17:03:18.659  9953  9969 D AnalyticsSDK: Properties:
05-16 17:03:18.659  9953  9969 D AnalyticsSDK: {}
05-16 17:03:18.660  9953  9969 D AnalyticsSDK: Event: spam_event_401
05-16 17:03:18.660  9953  9969 D AnalyticsSDK: Properties:
05-16 17:03:18.660  9953  9969 D AnalyticsSDK: {}
05-16 17:03:18.663  9953  9982 D AnalyticsSDK: Saved event to database: spam_event_26
05-16 17:03:18.664  9953  9969 D AnalyticsSDK: Event: spam_event_402
05-16 17:03:18.664  9953  9969 D AnalyticsSDK: Properties:
05-16 17:03:18.664  9953  9969 D AnalyticsSDK: {}
05-16 17:03:18.665  9953  9969 D AnalyticsSDK: Event: spam_event_403
05-16 17:03:18.665  9953  9969 D AnalyticsSDK: Properties:
05-16 17:03:18.665  9953  9969 D AnalyticsSDK: {}
05-16 17:03:18.666  9953  9969 D AnalyticsSDK: Event: spam_event_404
05-16 17:03:18.666  9953  9969 D AnalyticsSDK: Properties:
05-16 17:03:18.666  9953  9969 D AnalyticsSDK: {}
05-16 17:03:18.667  9953  9969 D AnalyticsSDK: Event: spam_event_405
05-16 17:03:18.667  9953  9969 D AnalyticsSDK: Properties:
05-16 17:03:18.667  9953  9969 D AnalyticsSDK: {}
05-16 17:03:18.667  9953  9969 D AnalyticsSDK: Event: spam_event_406
05-16 17:03:18.667  9953  9969 D AnalyticsSDK: Properties:
05-16 17:03:18.667  9953  9969 D AnalyticsSDK: {}
05-16 17:03:18.669  9953  9969 D AnalyticsSDK: Event: spam_event_407
05-16 17:03:18.669  9953  9969 D AnalyticsSDK: Properties:
05-16 17:03:18.669  9953  9969 D AnalyticsSDK: {}
05-16 17:03:18.669  9953  9969 D AnalyticsSDK: Event: spam_event_408
05-16 17:03:18.669  9953  9969 D AnalyticsSDK: Properties:
05-16 17:03:18.669  9953  9969 D AnalyticsSDK: {}
05-16 17:03:18.674  9953 10008 D AnalyticsSDK: Saved event to database: spam_event_25
05-16 17:03:18.675  9953  9969 D AnalyticsSDK: Event: spam_event_409
05-16 17:03:18.675  9953  9969 D AnalyticsSDK: Properties:
05-16 17:03:18.675  9953  9969 D AnalyticsSDK: {}
05-16 17:03:18.676  9953  9969 D AnalyticsSDK: Event: spam_event_410
05-16 17:03:18.676  9953  9969 D AnalyticsSDK: Properties:
05-16 17:03:18.676  9953  9969 D AnalyticsSDK: {}
05-16 17:03:18.677  9953  9969 D AnalyticsSDK: Event: spam_event_411
05-16 17:03:18.677  9953  9969 D AnalyticsSDK: Properties:
05-16 17:03:18.677  9953  9969 D AnalyticsSDK: {}
05-16 17:03:18.678  9953  9969 D AnalyticsSDK: Event: spam_event_412
05-16 17:03:18.678  9953  9969 D AnalyticsSDK: Properties:
05-16 17:03:18.678  9953  9969 D AnalyticsSDK: {}
05-16 17:03:18.679  9953  9969 D AnalyticsSDK: Event: spam_event_413
05-16 17:03:18.679  9953  9969 D AnalyticsSDK: Properties:
05-16 17:03:18.679  9953  9969 D AnalyticsSDK: {}
05-16 17:03:18.679  9953  9969 D AnalyticsSDK: Event: spam_event_414
05-16 17:03:18.679  9953  9969 D AnalyticsSDK: Properties:
05-16 17:03:18.679  9953  9969 D AnalyticsSDK: {}
05-16 17:03:18.680  9953  9969 D AnalyticsSDK: Event: spam_event_415
05-16 17:03:18.680  9953  9969 D AnalyticsSDK: Properties:
05-16 17:03:18.680  9953  9969 D AnalyticsSDK: {}
05-16 17:03:18.681  9953  9969 D AnalyticsSDK: Event: spam_event_416
05-16 17:03:18.681  9953  9969 D AnalyticsSDK: Properties:
05-16 17:03:18.681  9953  9969 D AnalyticsSDK: {}
05-16 17:03:18.682  9953  9969 D AnalyticsSDK: Event: spam_event_417
05-16 17:03:18.682  9953  9969 D AnalyticsSDK: Properties:
05-16 17:03:18.682  9953  9969 D AnalyticsSDK: {}
05-16 17:03:18.682  9953  9969 D AnalyticsSDK: Event: spam_event_418
05-16 17:03:18.682  9953  9969 D AnalyticsSDK: Properties:
05-16 17:03:18.682  9953  9969 D AnalyticsSDK: {}
05-16 17:03:18.683  9953  9969 D AnalyticsSDK: Event: spam_event_419
05-16 17:03:18.683  9953  9969 D AnalyticsSDK: Properties:
05-16 17:03:18.683  9953  9969 D AnalyticsSDK: {}
05-16 17:03:18.685  9953  9969 D AnalyticsSDK: Event: spam_event_420
05-16 17:03:18.685  9953  9969 D AnalyticsSDK: Properties:
05-16 17:03:18.685  9953  9969 D AnalyticsSDK: {}
05-16 17:03:18.686  9953  9969 D AnalyticsSDK: Event: spam_event_421
05-16 17:03:18.686  9953  9969 D AnalyticsSDK: Properties:
05-16 17:03:18.686  9953  9969 D AnalyticsSDK: {}
05-16 17:03:18.691  9953  9969 D AnalyticsSDK: Event: spam_event_422
05-16 17:03:18.691  9953  9969 D AnalyticsSDK: Properties:
05-16 17:03:18.691  9953  9969 D AnalyticsSDK: {}
05-16 17:03:18.691  9953  9969 D AnalyticsSDK: Event: spam_event_423
05-16 17:03:18.691  9953  9969 D AnalyticsSDK: Properties:
05-16 17:03:18.691  9953  9969 D AnalyticsSDK: {}
05-16 17:03:18.693  9953  9969 D AnalyticsSDK: Event: spam_event_424
05-16 17:03:18.693  9953  9969 D AnalyticsSDK: Properties:
05-16 17:03:18.693  9953  9969 D AnalyticsSDK: {}
05-16 17:03:18.694  9953  9969 D AnalyticsSDK: Event: spam_event_425
05-16 17:03:18.694  9953  9969 D AnalyticsSDK: Properties:
05-16 17:03:18.694  9953  9969 D AnalyticsSDK: {}
05-16 17:03:18.696  9953  9969 D AnalyticsSDK: Event: spam_event_426
05-16 17:03:18.696  9953  9969 D AnalyticsSDK: Properties:
05-16 17:03:18.696  9953  9969 D AnalyticsSDK: {}
05-16 17:03:18.698  9953  9969 D AnalyticsSDK: Event: spam_event_427
05-16 17:03:18.698  9953  9969 D AnalyticsSDK: Properties:
05-16 17:03:18.698  9953  9969 D AnalyticsSDK: {}
05-16 17:03:18.699  9953  9969 D AnalyticsSDK: Event: spam_event_428
05-16 17:03:18.699  9953  9969 D AnalyticsSDK: Properties:
05-16 17:03:18.699  9953  9969 D AnalyticsSDK: {}
05-16 17:03:18.699  9953  9987 D AnalyticsSDK: Saved event to database: spam_event_17
05-16 17:03:18.699  9953  9969 D AnalyticsSDK: Event: spam_event_429
05-16 17:03:18.699  9953  9969 D AnalyticsSDK: Properties:
05-16 17:03:18.699  9953  9969 D AnalyticsSDK: {}
05-16 17:03:18.700  9953  9969 D AnalyticsSDK: Event: spam_event_430
05-16 17:03:18.700  9953  9969 D AnalyticsSDK: Properties:
05-16 17:03:18.700  9953  9969 D AnalyticsSDK: {}
05-16 17:03:18.702  9953  9969 D AnalyticsSDK: Event: spam_event_431
05-16 17:03:18.702  9953  9969 D AnalyticsSDK: Properties:
05-16 17:03:18.702  9953  9969 D AnalyticsSDK: {}
05-16 17:03:18.703  9953  9969 D AnalyticsSDK: Event: spam_event_432
05-16 17:03:18.703  9953  9969 D AnalyticsSDK: Properties:
05-16 17:03:18.703  9953  9969 D AnalyticsSDK: {}
05-16 17:03:18.705  9953  9969 D AnalyticsSDK: Event: spam_event_433
05-16 17:03:18.705  9953  9969 D AnalyticsSDK: Properties:
05-16 17:03:18.705  9953  9969 D AnalyticsSDK: {}
05-16 17:03:18.705  9953  9969 D AnalyticsSDK: Event: spam_event_434
05-16 17:03:18.705  9953  9969 D AnalyticsSDK: Properties:
05-16 17:03:18.705  9953  9969 D AnalyticsSDK: {}
05-16 17:03:18.706  9953  9969 D AnalyticsSDK: Event: spam_event_435
05-16 17:03:18.706  9953  9969 D AnalyticsSDK: Properties:
05-16 17:03:18.706  9953  9969 D AnalyticsSDK: {}
05-16 17:03:18.707  9953  9969 D AnalyticsSDK: Event: spam_event_436
05-16 17:03:18.707  9953  9969 D AnalyticsSDK: Properties:
05-16 17:03:18.707  9953  9969 D AnalyticsSDK: {}
05-16 17:03:18.707  9953  9969 D AnalyticsSDK: Event: spam_event_437
05-16 17:03:18.707  9953  9969 D AnalyticsSDK: Properties:
05-16 17:03:18.707  9953  9969 D AnalyticsSDK: {}
05-16 17:03:18.711  9953  9969 D AnalyticsSDK: Event: spam_event_438
05-16 17:03:18.711  9953  9969 D AnalyticsSDK: Properties:
05-16 17:03:18.711  9953  9969 D AnalyticsSDK: {}
05-16 17:03:18.714  9953  9969 D AnalyticsSDK: Event: spam_event_439
05-16 17:03:18.714  9953  9969 D AnalyticsSDK: Properties:
05-16 17:03:18.714  9953  9969 D AnalyticsSDK: {}
05-16 17:03:18.714  9953  9969 D AnalyticsSDK: Event: spam_event_440
05-16 17:03:18.714  9953  9969 D AnalyticsSDK: Properties:
05-16 17:03:18.714  9953  9969 D AnalyticsSDK: {}
05-16 17:03:18.716  9953  9977 D AnalyticsSDK: Saved event to database: spam_event_18
05-16 17:03:18.717  9953  9969 D AnalyticsSDK: Event: spam_event_441
05-16 17:03:18.717  9953  9969 D AnalyticsSDK: Properties:
05-16 17:03:18.717  9953  9969 D AnalyticsSDK: {}
05-16 17:03:18.718  9953  9969 D AnalyticsSDK: Event: spam_event_442
05-16 17:03:18.718  9953  9969 D AnalyticsSDK: Properties:
05-16 17:03:18.718  9953  9969 D AnalyticsSDK: {}
05-16 17:03:18.719  9953  9969 D AnalyticsSDK: Event: spam_event_443
05-16 17:03:18.719  9953  9969 D AnalyticsSDK: Properties:
05-16 17:03:18.719  9953  9969 D AnalyticsSDK: {}
05-16 17:03:18.722  9953  9969 D AnalyticsSDK: Event: spam_event_444
05-16 17:03:18.722  9953  9969 D AnalyticsSDK: Properties:
05-16 17:03:18.722  9953  9969 D AnalyticsSDK: {}
05-16 17:03:18.725  9953  9969 D AnalyticsSDK: Event: spam_event_445
05-16 17:03:18.725  9953  9969 D AnalyticsSDK: Properties:
05-16 17:03:18.725  9953  9969 D AnalyticsSDK: {}
05-16 17:03:18.725  9953  9982 D AnalyticsSDK: Saved event to database: spam_event_22
05-16 17:03:18.729  9953  9969 D AnalyticsSDK: Event: spam_event_446
05-16 17:03:18.729  9953  9969 D AnalyticsSDK: Properties:
05-16 17:03:18.729  9953  9969 D AnalyticsSDK: {}
05-16 17:03:18.730  9953  9969 D AnalyticsSDK: Event: spam_event_447
05-16 17:03:18.730  9953  9969 D AnalyticsSDK: Properties:
05-16 17:03:18.730  9953  9969 D AnalyticsSDK: {}
05-16 17:03:18.731  9953  9969 D AnalyticsSDK: Event: spam_event_448
05-16 17:03:18.731  9953  9969 D AnalyticsSDK: Properties:
05-16 17:03:18.731  9953  9969 D AnalyticsSDK: {}
05-16 17:03:18.731  9953  9969 D AnalyticsSDK: Event: spam_event_449
05-16 17:03:18.731  9953  9969 D AnalyticsSDK: Properties:
05-16 17:03:18.731  9953  9969 D AnalyticsSDK: {}
05-16 17:03:18.734  9953  9969 D AnalyticsSDK: Event: spam_event_450
05-16 17:03:18.734  9953  9969 D AnalyticsSDK: Properties:
05-16 17:03:18.734  9953  9969 D AnalyticsSDK: {}
05-16 17:03:18.735  9953  9969 D AnalyticsSDK: Event: spam_event_451
05-16 17:03:18.735  9953  9969 D AnalyticsSDK: Properties:
05-16 17:03:18.735  9953  9969 D AnalyticsSDK: {}
05-16 17:03:18.736  9953  9969 D AnalyticsSDK: Event: spam_event_452
05-16 17:03:18.736  9953  9969 D AnalyticsSDK: Properties:
05-16 17:03:18.736  9953  9969 D AnalyticsSDK: {}
05-16 17:03:18.740  9953  9969 D AnalyticsSDK: Event: spam_event_453
05-16 17:03:18.740  9953  9969 D AnalyticsSDK: Properties:
05-16 17:03:18.740  9953  9969 D AnalyticsSDK: {}
05-16 17:03:18.742  9953  9969 D AnalyticsSDK: Event: spam_event_454
05-16 17:03:18.742  9953  9969 D AnalyticsSDK: Properties:
05-16 17:03:18.742  9953  9969 D AnalyticsSDK: {}
05-16 17:03:18.743  9953  9969 D AnalyticsSDK: Event: spam_event_455
05-16 17:03:18.743  9953  9969 D AnalyticsSDK: Properties:
05-16 17:03:18.743  9953  9969 D AnalyticsSDK: {}
05-16 17:03:18.743  9953  9969 D AnalyticsSDK: Event: spam_event_456
05-16 17:03:18.743  9953  9969 D AnalyticsSDK: Properties:
05-16 17:03:18.743  9953  9969 D AnalyticsSDK: {}
05-16 17:03:18.744  9953  9975 D AnalyticsSDK: Saved event to database: spam_event_28
05-16 17:03:18.746  9953  9969 D AnalyticsSDK: Event: spam_event_457
05-16 17:03:18.746  9953  9969 D AnalyticsSDK: Properties:
05-16 17:03:18.746  9953  9969 D AnalyticsSDK: {}
05-16 17:03:18.747  9953  9969 D AnalyticsSDK: Event: spam_event_458
05-16 17:03:18.747  9953  9969 D AnalyticsSDK: Properties:
05-16 17:03:18.747  9953  9969 D AnalyticsSDK: {}
05-16 17:03:18.747  9953  9969 D AnalyticsSDK: Event: spam_event_459
05-16 17:03:18.747  9953  9969 D AnalyticsSDK: Properties:
05-16 17:03:18.747  9953  9969 D AnalyticsSDK: {}
05-16 17:03:18.748  9953  9969 D AnalyticsSDK: Event: spam_event_460
05-16 17:03:18.748  9953  9969 D AnalyticsSDK: Properties:
05-16 17:03:18.748  9953  9969 D AnalyticsSDK: {}
05-16 17:03:18.750  9953  9969 D AnalyticsSDK: Event: spam_event_461
05-16 17:03:18.750  9953  9969 D AnalyticsSDK: Properties:
05-16 17:03:18.750  9953  9969 D AnalyticsSDK: {}
05-16 17:03:18.750  9953  9969 D AnalyticsSDK: Event: spam_event_462
05-16 17:03:18.750  9953  9969 D AnalyticsSDK: Properties:
05-16 17:03:18.750  9953  9969 D AnalyticsSDK: {}
05-16 17:03:18.751  9953  9969 D AnalyticsSDK: Event: spam_event_463
05-16 17:03:18.751  9953  9969 D AnalyticsSDK: Properties:
05-16 17:03:18.751  9953  9969 D AnalyticsSDK: {}
05-16 17:03:18.752  9953  9969 D AnalyticsSDK: Event: spam_event_464
05-16 17:03:18.752  9953  9969 D AnalyticsSDK: Properties:
05-16 17:03:18.752  9953  9969 D AnalyticsSDK: {}
05-16 17:03:18.753  9953  9969 D AnalyticsSDK: Event: spam_event_465
05-16 17:03:18.753  9953  9969 D AnalyticsSDK: Properties:
05-16 17:03:18.753  9953  9969 D AnalyticsSDK: {}
05-16 17:03:18.754  9953  9969 D AnalyticsSDK: Event: spam_event_466
05-16 17:03:18.754  9953  9969 D AnalyticsSDK: Properties:
05-16 17:03:18.754  9953  9969 D AnalyticsSDK: {}
05-16 17:03:18.756  9953  9969 D AnalyticsSDK: Event: spam_event_467
05-16 17:03:18.756  9953  9969 D AnalyticsSDK: Properties:
05-16 17:03:18.756  9953  9969 D AnalyticsSDK: {}
05-16 17:03:18.756  9953  9969 D AnalyticsSDK: Event: spam_event_468
05-16 17:03:18.756  9953  9969 D AnalyticsSDK: Properties:
05-16 17:03:18.756  9953  9969 D AnalyticsSDK: {}
05-16 17:03:18.757  9953  9969 D AnalyticsSDK: Event: spam_event_469
05-16 17:03:18.757  9953  9969 D AnalyticsSDK: Properties:
05-16 17:03:18.757  9953  9969 D AnalyticsSDK: {}
05-16 17:03:18.761  9953  9969 D AnalyticsSDK: Event: spam_event_470
05-16 17:03:18.761  9953  9969 D AnalyticsSDK: Properties:
05-16 17:03:18.761  9953  9969 D AnalyticsSDK: {}
05-16 17:03:18.761  9953  9969 D AnalyticsSDK: Event: spam_event_471
05-16 17:03:18.761  9953  9969 D AnalyticsSDK: Properties:
05-16 17:03:18.761  9953  9969 D AnalyticsSDK: {}
05-16 17:03:18.762  9953  9969 D AnalyticsSDK: Event: spam_event_472
05-16 17:03:18.762  9953  9969 D AnalyticsSDK: Properties:
05-16 17:03:18.762  9953  9969 D AnalyticsSDK: {}
05-16 17:03:18.766  9953  9969 D AnalyticsSDK: Event: spam_event_473
05-16 17:03:18.766  9953  9969 D AnalyticsSDK: Properties:
05-16 17:03:18.766  9953  9969 D AnalyticsSDK: {}
05-16 17:03:18.766  9953  9969 D AnalyticsSDK: Event: spam_event_474
05-16 17:03:18.766  9953  9969 D AnalyticsSDK: Properties:
05-16 17:03:18.766  9953  9969 D AnalyticsSDK: {}
05-16 17:03:18.767  9953  9969 D AnalyticsSDK: Event: spam_event_475
05-16 17:03:18.767  9953  9969 D AnalyticsSDK: Properties:
05-16 17:03:18.767  9953  9969 D AnalyticsSDK: {}
05-16 17:03:18.768  9953  9969 D AnalyticsSDK: Event: spam_event_476
05-16 17:03:18.768  9953  9969 D AnalyticsSDK: Properties:
05-16 17:03:18.768  9953  9969 D AnalyticsSDK: {}
05-16 17:03:18.769  9953  9969 D AnalyticsSDK: Event: spam_event_477
05-16 17:03:18.769  9953  9969 D AnalyticsSDK: Properties:
05-16 17:03:18.769  9953  9969 D AnalyticsSDK: {}
05-16 17:03:18.770  9953  9969 D AnalyticsSDK: Event: spam_event_478
05-16 17:03:18.770  9953  9969 D AnalyticsSDK: Properties:
05-16 17:03:18.770  9953  9969 D AnalyticsSDK: {}
05-16 17:03:18.771  9953  9969 D AnalyticsSDK: Event: spam_event_479
05-16 17:03:18.771  9953  9969 D AnalyticsSDK: Properties:
05-16 17:03:18.771  9953  9969 D AnalyticsSDK: {}
05-16 17:03:18.771  9953  9969 D AnalyticsSDK: Event: spam_event_480
05-16 17:03:18.771  9953  9969 D AnalyticsSDK: Properties:
05-16 17:03:18.771  9953  9969 D AnalyticsSDK: {}
05-16 17:03:18.775  9953  9969 D AnalyticsSDK: Event: spam_event_481
05-16 17:03:18.775  9953  9969 D AnalyticsSDK: Properties:
05-16 17:03:18.775  9953  9969 D AnalyticsSDK: {}
05-16 17:03:18.777  9953  9969 D AnalyticsSDK: Event: spam_event_482
05-16 17:03:18.777  9953  9969 D AnalyticsSDK: Properties:
05-16 17:03:18.777  9953  9969 D AnalyticsSDK: {}
05-16 17:03:18.777  9953  9969 D AnalyticsSDK: Event: spam_event_483
05-16 17:03:18.777  9953  9969 D AnalyticsSDK: Properties:
05-16 17:03:18.777  9953  9969 D AnalyticsSDK: {}
05-16 17:03:18.778  9953  9969 D AnalyticsSDK: Event: spam_event_484
05-16 17:03:18.778  9953  9969 D AnalyticsSDK: Properties:
05-16 17:03:18.778  9953  9969 D AnalyticsSDK: {}
05-16 17:03:18.779  9953 10005 D AnalyticsSDK: Saved event to database: spam_event_29
05-16 17:03:18.782  9953  9969 D AnalyticsSDK: Event: spam_event_485
05-16 17:03:18.782  9953  9969 D AnalyticsSDK: Properties:
05-16 17:03:18.782  9953  9969 D AnalyticsSDK: {}
05-16 17:03:18.783  9953  9969 D AnalyticsSDK: Event: spam_event_486
05-16 17:03:18.783  9953  9969 D AnalyticsSDK: Properties:
05-16 17:03:18.783  9953  9969 D AnalyticsSDK: {}
05-16 17:03:18.783  9953  9969 D AnalyticsSDK: Event: spam_event_487
05-16 17:03:18.783  9953  9969 D AnalyticsSDK: Properties:
05-16 17:03:18.783  9953  9969 D AnalyticsSDK: {}
05-16 17:03:18.785  9953  9969 D AnalyticsSDK: Event: spam_event_488
05-16 17:03:18.785  9953  9969 D AnalyticsSDK: Properties:
05-16 17:03:18.785  9953  9969 D AnalyticsSDK: {}
05-16 17:03:18.787  9953  9969 D AnalyticsSDK: Event: spam_event_489
05-16 17:03:18.787  9953  9969 D AnalyticsSDK: Properties:
05-16 17:03:18.787  9953  9969 D AnalyticsSDK: {}
05-16 17:03:18.788  9953  9969 D AnalyticsSDK: Event: spam_event_490
05-16 17:03:18.788  9953  9969 D AnalyticsSDK: Properties:
05-16 17:03:18.788  9953  9969 D AnalyticsSDK: {}
05-16 17:03:18.790  9953  9969 D AnalyticsSDK: Event: spam_event_491
05-16 17:03:18.790  9953  9969 D AnalyticsSDK: Properties:
05-16 17:03:18.790  9953  9969 D AnalyticsSDK: {}
05-16 17:03:18.790  9953  9969 D AnalyticsSDK: Event: spam_event_492
05-16 17:03:18.790  9953  9969 D AnalyticsSDK: Properties:
05-16 17:03:18.790  9953  9969 D AnalyticsSDK: {}
05-16 17:03:18.791  9953  9969 D AnalyticsSDK: Event: spam_event_493
05-16 17:03:18.791  9953  9969 D AnalyticsSDK: Properties:
05-16 17:03:18.791  9953  9969 D AnalyticsSDK: {}
05-16 17:03:18.791  9953  9969 D AnalyticsSDK: Event: spam_event_494
05-16 17:03:18.791  9953  9969 D AnalyticsSDK: Properties:
05-16 17:03:18.791  9953  9969 D AnalyticsSDK: {}
05-16 17:03:18.792  9953  9977 D AnalyticsSDK: Saved event to database: spam_event_21
05-16 17:03:18.793  9953  9969 D AnalyticsSDK: Event: spam_event_495
05-16 17:03:18.793  9953  9969 D AnalyticsSDK: Properties:
05-16 17:03:18.793  9953  9969 D AnalyticsSDK: {}
05-16 17:03:18.796  9953  9969 D AnalyticsSDK: Event: spam_event_496
05-16 17:03:18.796  9953  9969 D AnalyticsSDK: Properties:
05-16 17:03:18.796  9953  9969 D AnalyticsSDK: {}
05-16 17:03:18.798  9953  9969 D AnalyticsSDK: Event: spam_event_497
05-16 17:03:18.798  9953  9969 D AnalyticsSDK: Properties:
05-16 17:03:18.798  9953  9969 D AnalyticsSDK: {}
05-16 17:03:18.799  9953  9969 D AnalyticsSDK: Event: spam_event_498
05-16 17:03:18.799  9953  9969 D AnalyticsSDK: Properties:
05-16 17:03:18.799  9953  9969 D AnalyticsSDK: {}
05-16 17:03:18.800  9953  9969 D AnalyticsSDK: Event: spam_event_499
05-16 17:03:18.800  9953  9969 D AnalyticsSDK: Properties:
05-16 17:03:18.800  9953  9969 D AnalyticsSDK: {}
05-16 17:03:18.803  9953  9969 D AnalyticsSDK: Event: spam_event_500
05-16 17:03:18.803  9953  9969 D AnalyticsSDK: Properties:
05-16 17:03:18.803  9953  9969 D AnalyticsSDK: {}
05-16 17:03:18.806  9953  9969 D AnalyticsSDK: Event: spam_event_501
05-16 17:03:18.806  9953  9969 D AnalyticsSDK: Properties:
05-16 17:03:18.806  9953  9969 D AnalyticsSDK: {}
05-16 17:03:18.806  9953  9969 D AnalyticsSDK: Event: spam_event_502
05-16 17:03:18.806  9953  9969 D AnalyticsSDK: Properties:
05-16 17:03:18.806  9953  9969 D AnalyticsSDK: {}
05-16 17:03:18.808  9953  9969 D AnalyticsSDK: Event: spam_event_503
05-16 17:03:18.808  9953  9969 D AnalyticsSDK: Properties:
05-16 17:03:18.808  9953  9969 D AnalyticsSDK: {}
05-16 17:03:18.809  9953  9969 D AnalyticsSDK: Event: spam_event_504
05-16 17:03:18.809  9953  9969 D AnalyticsSDK: Properties:
05-16 17:03:18.809  9953  9969 D AnalyticsSDK: {}
05-16 17:03:18.811  9953  9969 D AnalyticsSDK: Event: spam_event_505
05-16 17:03:18.811  9953  9969 D AnalyticsSDK: Properties:
05-16 17:03:18.811  9953  9969 D AnalyticsSDK: {}
05-16 17:03:18.815  9953  9999 D AnalyticsSDK: Saved event to database: spam_event_30
05-16 17:03:18.821  9953  9985 D AnalyticsSDK: Saved event to database: spam_event_32
05-16 17:03:18.825  9953  9983 D AnalyticsSDK: Saved event to database: spam_event_27
05-16 17:03:18.829  9953  9977 D AnalyticsSDK: Saved event to database: spam_event_31
05-16 17:03:18.831  9953 10011 I okhttp.OkHttpClient: --> POST https://api.dummy.com/events
05-16 17:03:18.831  9953 10011 I okhttp.OkHttpClient: Content-Type: application/json; charset=UTF-8
05-16 17:03:18.831  9953 10011 I okhttp.OkHttpClient: Content-Length: 1336
05-16 17:03:18.832  9953 10011 I okhttp.OkHttpClient: X-Analytics-SDK-Version: 1.0.0
05-16 17:03:18.833  9953 10011 I okhttp.OkHttpClient: [{"anonymousId":"anon_e1d80876-a48c-4b62-9791-5367ebc9c3cf","deviceInfo":{"os":"Android 16","model":"Google sdk_gphone64_x86_64","app_version":"unknown","sdk_version":"1.0.0","locale":"en-US","network":"wifi"},"id":731,"name":"spam_event_1","timestamp":1778931198093},{"anonymousId":"anon_e1d80876-a48c-4b62-9791-5367ebc9c3cf","deviceInfo":{"os":"Android 16","model":"Google sdk_gphone64_x86_64","app_version":"unknown","sdk_version":"1.0.0","locale":"en-US","network":"wifi"},"id":730,"name":"spam_event_3","timestamp":1778931198094},{"anonymousId":"anon_e1d80876-a48c-4b62-9791-5367ebc9c3cf","deviceInfo":{"os":"Android 16","model":"Google sdk_gphone64_x86_64","app_version":"unknown","sdk_version":"1.0.0","locale":"en-US","network":"wifi"},"id":734,"name":"spam_event_2","timestamp":1778931198096},{"anonymousId":"anon_e1d80876-a48c-4b62-9791-5367ebc9c3cf","deviceInfo":{"os":"Android 16","model":"Google sdk_gphone64_x86_64","app_version":"unknown","sdk_version":"1.0.0","locale":"en-US","network":"wifi"},"id":739,"name":"spam_event_4","timestamp":1778931198096},{"anonymousId":"anon_e1d80876-a48c-4b62-9791-5367ebc9c3cf","deviceInfo":{"os":"Android 16","model":"Google sdk_gphone64_x86_64","app_version":"unknown","sdk_version":"1.0.0","locale":"en-US","network":"wifi"},"id":732,"name":"spam_event_5","timestamp":1778931198098}]
05-16 17:03:18.833  9953 10011 I okhttp.OkHttpClient: --> END POST (1336-byte body)
05-16 17:03:18.835  9953  9977 D AnalyticsSDK: Saved event to database: spam_event_35
05-16 17:03:18.839  9953  9985 D AnalyticsSDK: Saved event to database: spam_event_34
05-16 17:03:18.846  9953  9985 D AnalyticsSDK: Saved event to database: spam_event_19
05-16 17:03:18.851  9953  9983 D AnalyticsSDK: Saved event to database: spam_event_36
05-16 17:03:18.855  9953  9985 D AnalyticsSDK: Saved event to database: spam_event_37
05-16 17:03:18.860  9953  9985 D AnalyticsSDK: Saved event to database: spam_event_38
05-16 17:03:18.864  9953  9977 D AnalyticsSDK: Saved event to database: spam_event_41
05-16 17:03:18.868  9953  9985 D AnalyticsSDK: Saved event to database: spam_event_42
05-16 17:03:18.872  9953  9977 D AnalyticsSDK: Saved event to database: spam_event_40
05-16 17:03:18.876  9953  9985 D AnalyticsSDK: Saved event to database: spam_event_44
05-16 17:03:18.880  9953  9983 D AnalyticsSDK: Saved event to database: spam_event_33
05-16 17:03:18.884  9953  9985 D AnalyticsSDK: Saved event to database: spam_event_39
05-16 17:03:18.900  9953  9983 D AnalyticsSDK: Saved event to database: spam_event_43
05-16 17:03:18.905  9953  9977 D AnalyticsSDK: Saved event to database: spam_event_46
05-16 17:03:18.909  9953  9977 D AnalyticsSDK: Saved event to database: spam_event_49
05-16 17:03:18.913  9953  9983 D AnalyticsSDK: Saved event to database: spam_event_50
05-16 17:03:18.917  9953  9985 D AnalyticsSDK: Saved event to database: spam_event_51
05-16 17:03:18.921  9953  9977 D AnalyticsSDK: Saved event to database: spam_event_48
05-16 17:03:18.925  9953  9985 D AnalyticsSDK: Saved event to database: spam_event_60
05-16 17:03:18.929  9953  9985 D AnalyticsSDK: Saved event to database: spam_event_53
05-16 17:03:18.934  9953  9985 D AnalyticsSDK: Saved event to database: spam_event_57
05-16 17:03:18.939  9953  9985 D AnalyticsSDK: Saved event to database: spam_event_56
05-16 17:03:18.943  9953  9983 D AnalyticsSDK: Saved event to database: spam_event_54
05-16 17:03:18.948  9953  9985 D AnalyticsSDK: Saved event to database: spam_event_55
05-16 17:03:18.952  9953  9983 D AnalyticsSDK: Saved event to database: spam_event_45
05-16 17:03:18.957  9953  9999 D AnalyticsSDK: Saved event to database: spam_event_59
05-16 17:03:18.962  9953  9985 D AnalyticsSDK: Saved event to database: spam_event_47
05-16 17:03:18.966  9953  9985 D AnalyticsSDK: Saved event to database: spam_event_63
05-16 17:03:18.970  9953  9977 D AnalyticsSDK: Saved event to database: spam_event_58
05-16 17:03:18.974  9953  9977 D AnalyticsSDK: Saved event to database: spam_event_52
05-16 17:03:18.978  9953  9977 D AnalyticsSDK: Saved event to database: spam_event_64
05-16 17:03:18.981  9953  9983 D AnalyticsSDK: Saved event to database: spam_event_61
05-16 17:03:18.986  9953  9977 D AnalyticsSDK: Saved event to database: spam_event_62
05-16 17:03:18.990  9953  9977 D AnalyticsSDK: Saved event to database: spam_event_75
05-16 17:03:18.995  9953  9977 D AnalyticsSDK: Saved event to database: spam_event_71
05-16 17:03:19.000  9953  9999 D AnalyticsSDK: Saved event to database: spam_event_67
05-16 17:03:19.004  9953  9983 D AnalyticsSDK: Saved event to database: spam_event_74
05-16 17:03:19.008  9953  9985 D AnalyticsSDK: Saved event to database: spam_event_72
